Component: ARM Compiler 5.06 update 7 (build 960) Tool: armlink [4d3601]

==============================================================================

Section Cross References

    startup_stm32f103xb.o(STACK) refers (Special) to heapauxi.o(.text) for __use_two_region_memory
    startup_stm32f103xb.o(HEAP) refers (Special) to heapauxi.o(.text) for __use_two_region_memory
    startup_stm32f103xb.o(RESET) refers (Special) to heapauxi.o(.text) for __use_two_region_memory
    startup_stm32f103xb.o(RESET) refers to startup_stm32f103xb.o(STACK) for __initial_sp
    startup_stm32f103xb.o(RESET) refers to startup_stm32f103xb.o(.text) for Reset_Handler
    startup_stm32f103xb.o(RESET) refers to stm32f1xx_it.o(i.NMI_Handler) for NMI_Handler
    startup_stm32f103xb.o(RESET) refers to stm32f1xx_it.o(i.HardFault_Handler) for HardFault_Handler
    startup_stm32f103xb.o(RESET) refers to stm32f1xx_it.o(i.MemManage_Handler) for MemManage_Handler
    startup_stm32f103xb.o(RESET) refers to stm32f1xx_it.o(i.BusFault_Handler) for BusFault_Handler
    startup_stm32f103xb.o(RESET) refers to stm32f1xx_it.o(i.UsageFault_Handler) for UsageFault_Handler
    startup_stm32f103xb.o(RESET) refers to port.o(.emb_text) for SVC_Handler
    startup_stm32f103xb.o(RESET) refers to stm32f1xx_it.o(i.DebugMon_Handler) for DebugMon_Handler
    startup_stm32f103xb.o(RESET) refers to cmsis_os2.o(i.SysTick_Handler) for SysTick_Handler
    startup_stm32f103xb.o(RESET) refers to stm32f1xx_it.o(i.DMA1_Channel3_IRQHandler) for DMA1_Channel3_IRQHandler
    startup_stm32f103xb.o(RESET) refers to stm32f1xx_it.o(i.TIM4_IRQHandler) for TIM4_IRQHandler
    startup_stm32f103xb.o(RESET) refers to stm32f1xx_it.o(i.USART3_IRQHandler) for USART3_IRQHandler
    startup_stm32f103xb.o(.text) refers (Special) to heapauxi.o(.text) for __use_two_region_memory
    startup_stm32f103xb.o(.text) refers to system_stm32f1xx.o(i.SystemInit) for SystemInit
    startup_stm32f103xb.o(.text) refers to __main.o(!!!main) for __main
    startup_stm32f103xb.o(.text) refers to startup_stm32f103xb.o(HEAP) for Heap_Mem
    startup_stm32f103xb.o(.text) refers to startup_stm32f103xb.o(STACK) for Stack_Mem
    main.o(i.HAL_TIM_PeriodElapsedCallback) refers to stm32f1xx_hal.o(i.HAL_IncTick) for HAL_IncTick
    main.o(i.SystemClock_Config) refers to rt_memclr_w.o(.text) for __aeabi_memclr4
    main.o(i.SystemClock_Config) refers to stm32f1xx_hal_rcc.o(i.HAL_RCC_OscConfig) for HAL_RCC_OscConfig
    main.o(i.SystemClock_Config) refers to stm32f1xx_hal_rcc.o(i.HAL_RCC_ClockConfig) for HAL_RCC_ClockConfig
    main.o(i.main) refers to stm32f1xx_hal.o(i.HAL_Init) for HAL_Init
    main.o(i.main) refers to main.o(i.SystemClock_Config) for SystemClock_Config
    main.o(i.main) refers to gpio.o(i.MX_GPIO_Init) for MX_GPIO_Init
    main.o(i.main) refers to dma.o(i.MX_DMA_Init) for MX_DMA_Init
    main.o(i.main) refers to usart.o(i.MX_USART3_UART_Init) for MX_USART3_UART_Init
    main.o(i.main) refers to cmsis_os2.o(i.osKernelInitialize) for osKernelInitialize
    main.o(i.main) refers to freertos.o(i.MX_FREERTOS_Init) for MX_FREERTOS_Init
    main.o(i.main) refers to cmsis_os2.o(i.osKernelStart) for osKernelStart
    freertos.o(i.HAL_UARTEx_RxEventCallback) refers to ringbuffer.o(i.rt_ringbuffer_put) for rt_ringbuffer_put
    freertos.o(i.HAL_UARTEx_RxEventCallback) refers to rt_memcpy_w.o(.text) for __aeabi_memcpy4
    freertos.o(i.HAL_UARTEx_RxEventCallback) refers to strlen.o(.text) for strlen
    freertos.o(i.HAL_UARTEx_RxEventCallback) refers to stm32f1xx_hal_uart.o(i.HAL_UART_Transmit) for HAL_UART_Transmit
    freertos.o(i.HAL_UARTEx_RxEventCallback) refers to stm32f1xx_hal_uart.o(i.HAL_UARTEx_ReceiveToIdle_DMA) for HAL_UARTEx_ReceiveToIdle_DMA
    freertos.o(i.HAL_UARTEx_RxEventCallback) refers to freertos.o(.bss) for .bss
    freertos.o(i.HAL_UARTEx_RxEventCallback) refers to usart.o(.bss) for huart3
    freertos.o(i.HAL_UART_ErrorCallback) refers to stm32f1xx_hal_uart.o(i.HAL_UARTEx_ReceiveToIdle_DMA) for HAL_UARTEx_ReceiveToIdle_DMA
    freertos.o(i.HAL_UART_ErrorCallback) refers to freertos.o(.bss) for .bss
    freertos.o(i.HAL_UART_ErrorCallback) refers to usart.o(.bss) for huart3
    freertos.o(i.MX_FREERTOS_Init) refers to ringbuffer.o(i.rt_ringbuffer_init) for rt_ringbuffer_init
    freertos.o(i.MX_FREERTOS_Init) refers to stm32f1xx_hal_uart.o(i.HAL_UARTEx_ReceiveToIdle_DMA) for HAL_UARTEx_ReceiveToIdle_DMA
    freertos.o(i.MX_FREERTOS_Init) refers to cmsis_os2.o(i.osMessageQueueNew) for osMessageQueueNew
    freertos.o(i.MX_FREERTOS_Init) refers to cmsis_os2.o(i.osThreadNew) for osThreadNew
    freertos.o(i.MX_FREERTOS_Init) refers to freertos.o(.bss) for .bss
    freertos.o(i.MX_FREERTOS_Init) refers to usart.o(.bss) for huart3
    freertos.o(i.MX_FREERTOS_Init) refers to freertos.o(.constdata) for .constdata
    freertos.o(i.MX_FREERTOS_Init) refers to freertos.o(.data) for .data
    freertos.o(i.MX_FREERTOS_Init) refers to freertos.o(i.StartDefaultTask) for StartDefaultTask
[...]
    .text                                    0x08000474   Section        0  defsig_abrt_inner.o(.text)
    .text                                    0x080004a4   Section       74  sys_stackheap_outer.o(.text)
    .text                                    0x080004ee   Section        0  exit.o(.text)
    .text                                    0x08000500   Section        0  defsig_general.o(.text)
    .text                                    0x08000532   Section        0  sys_wrch.o(.text)
    .text                                    0x08000540   Section        8  libspace.o(.text)
    i.BusFault_Handler                       0x08000548   Section        0  stm32f1xx_it.o(i.BusFault_Handler)
    i.DMA1_Channel3_IRQHandler               0x0800054c   Section        0  stm32f1xx_it.o(i.DMA1_Channel3_IRQHandler)
    i.DMA_SetConfig                          0x08000558   Section        0  stm32f1xx_hal_dma.o(i.DMA_SetConfig)
    DMA_SetConfig                            0x08000559   Thumb Code    42  stm32f1xx_hal_dma.o(i.DMA_SetConfig)
    i.DebugMon_Handler                       0x08000582   Section        0  stm32f1xx_it.o(i.DebugMon_Handler)
    i.Error_Handler                          0x08000584   Section        0  main.o(i.Error_Handler)
    i.HAL_DMA_Abort                          0x08000588   Section        0  stm32f1xx_hal_dma.o(i.HAL_DMA_Abort)
    i.HAL_DMA_Abort_IT                       0x080005d0   Section        0  stm32f1xx_hal_dma.o(i.HAL_DMA_Abort_IT)
    i.HAL_DMA_IRQHandler                     0x08000668   Section        0  stm32f1xx_hal_dma.o(i.HAL_DMA_IRQHandler)
    i.HAL_DMA_Init                           0x080007bc   Section        0  stm32f1xx_hal_dma.o(i.HAL_DMA_Init)
    i.HAL_DMA_Start_IT                       0x08000818   Section        0  stm32f1xx_hal_dma.o(i.HAL_DMA_Start_IT)
    i.HAL_GPIO_Init                          0x08000888   Section        0  stm32f1xx_hal_gpio.o(i.HAL_GPIO_Init)
    i.HAL_GetTick                            0x08000a68   Section        0  stm32f1xx_hal.o(i.HAL_GetTick)
    i.HAL_IncTick                            0x08000a74   Section        0  stm32f1xx_hal.o(i.HAL_IncTick)
    i.HAL_Init                               0x08000a84   Section        0  stm32f1xx_hal.o(i.HAL_Init)
    i.HAL_InitTick                           0x08000aa8   Section        0  stm32f1xx_hal_timebase_tim.o(i.HAL_InitTick)
    i.HAL_MspInit                            0x08000b40   Section        0  stm32f1xx_hal_msp.o(i.HAL_MspInit)
    i.HAL_NVIC_EnableIRQ                     0x08000b88   Section        0  stm32f1xx_hal_cortex.o(i.HAL_NVIC_EnableIRQ)
    i.HAL_NVIC_SetPriority                   0x08000ba4   Section        0  stm32f1xx_hal_cortex.o(i.HAL_NVIC_SetPriority)
    i.HAL_NVIC_SetPriorityGrouping           0x08000be4   Section        0  stm32f1xx_hal_cortex.o(i.HAL_NVIC_SetPriorityGrouping)
    i.HAL_RCC_ClockConfig                    0x08000c08   Section        0  stm32f1xx_hal_rcc.o(i.HAL_RCC_ClockConfig)
    i.HAL_RCC_GetClockConfig                 0x08000d34   Section        0  stm32f1xx_hal_rcc.o(i.HAL_RCC_GetClockConfig)
    i.HAL_RCC_GetPCLK1Freq                   0x08000d74   Section        0  stm32f1xx_hal_rcc.o(i.HAL_RCC_GetPCLK1Freq)
    i.HAL_RCC_GetPCLK2Freq                   0x08000d94   Section        0  stm32f1xx_hal_rcc.o(i.HAL_RCC_GetPCLK2Freq)
    i.HAL_RCC_GetSysClockFreq                0x08000db4   Section        0  stm32f1xx_hal_rcc.o(i.HAL_RCC_GetSysClockFreq)
    i.HAL_RCC_OscConfig                      0x08000e00   Section        0  stm32f1xx_hal_rcc.o(i.HAL_RCC_OscConfig)
    i.HAL_TIMEx_BreakCallback                0x08001120   Section        0  stm32f1xx_hal_tim_ex.o(i.HAL_TIMEx_BreakCallback)
    i.HAL_TIMEx_CommutCallback               0x08001122   Section        0  stm32f1xx_hal_tim_ex.o(i.HAL_TIMEx_CommutCallback)
    i.HAL_TIM_Base_Init                      0x08001124   Section        0  stm32f1xx_hal_tim.o(i.HAL_TIM_Base_Init)
    i.HAL_TIM_Base_MspInit                   0x0800117e   Section        0  stm32f1xx_hal_tim.o(i.HAL_TIM_Base_MspInit)
    i.HAL_TIM_Base_Start_IT                  0x08001180   Section        0  stm32f1xx_hal_tim.o(i.HAL_TIM_Base_Start_IT)
    i.HAL_TIM_IC_CaptureCallback             0x080011d8   Section        0  stm32f1xx_hal_tim.o(i.HAL_TIM_IC_CaptureCallback)
    i.HAL_TIM_IRQHandler                     0x080011da   Section        0  stm32f1xx_hal_tim.o(i.HAL_TIM_IRQHandler)
    i.HAL_TIM_OC_DelayElapsedCallback        0x0800130a   Section        0  stm32f1xx_hal_tim.o(i.HAL_TIM_OC_DelayElapsedCallback)
    i.HAL_TIM_PWM_PulseFinishedCallback      0x0800130c   Section        0  stm32f1xx_hal_tim.o(i.HAL_TIM_PWM_PulseFinishedCallback)
    i.HAL_TIM_PeriodElapsedCallback          0x08001310   Section        0  main.o(i.HAL_TIM_PeriodElapsedCallback)
    i.HAL_TIM_TriggerCallback                0x08001324   Section        0  stm32f1xx_hal_tim.o(i.HAL_TIM_TriggerCallback)
    i.HAL_UARTEx_ReceiveToIdle_DMA           0x08001326   Section        0  stm32f1xx_hal_uart.o(i.HAL_UARTEx_ReceiveToIdle_DMA)
    i.HAL_UARTEx_RxEventCallback             0x08001370   Section        0  freertos.o(i.HAL_UARTEx_RxEventCallback)
    i.HAL_UART_ErrorCallback                 0x080013f8   Section        0  freertos.o(i.HAL_UART_ErrorCallback)
    i.HAL_UART_IRQHandler                    0x0800142c   Section        0  stm32f1xx_hal_uart.o(i.HAL_UART_IRQHandler)
    i.HAL_UART_Init                          0x08001698   Section        0  stm32f1xx_hal_uart.o(i.HAL_UART_Init)
    i.HAL_UART_MspInit                       0x080016fc   Section        0  usart.o(i.HAL_UART_MspInit)
    i.HAL_UART_RxCpltCallback                0x080017ac   Section        0  stm32f1xx_hal_uart.o(i.HAL_UART_RxCpltCallback)
    i.HAL_UART_RxHalfCpltCallback            0x080017ae   Section        0  stm32f1xx_hal_uart.o(i.HAL_UART_RxHalfCpltCallback)
    i.HAL_UART_Transmit                      0x080017b0   Section        0  stm32f1xx_hal_uart.o(i.HAL_UART_Transmit)
    i.HAL_UART_TxCpltCallback                0x08001850   Section        0  stm32f1xx_hal_uart.o(i.HAL_UART_TxCpltCallback)
    i.HardFault_Handler                      0x08001852   Section        0  stm32f1xx_it.o(i.HardFault_Handler)
    i.MX_DMA_Init                            0x08001854   Section        0  dma.o(i.MX_DMA_Init)
    i.MX_FREERTOS_Init                       0x08001880   Section        0  freertos.o(i.MX_FREERTOS_Init)
    i.MX_GPIO_Init                           0x080018f0   Section        0  gpio.o(i.MX_GPIO_Init)
    i.MX_USART3_UART_Init                    0x0800192c   Section        0  usart.o(i.MX_USART3_UART_Init)
    i.MemManage_Handler                      0x08001964   Section        0  stm32f1xx_it.o(i.MemManage_Handler)
    i.NMI_Handler                            0x08001966   Section        0  stm32f1xx_it.o(i.NMI_Handler)
    i.StartDefaultTask                       0x08001968   Section        0  freertos.o(i.StartDefaultTask)
    i.SysTick_Handler                        0x08001970   Section        0  cmsis_os2.o(i.SysTick_Handler)
    i.SystemClock_Config                     0x0800198a   Section        0  main.o(i.SystemClock_Config)
    i.SystemInit                             0x080019e8   Section        0  system_stm32f1xx.o(i.SystemInit)
    i.TIM4_IRQHandler                        0x080019ec   Section        0  stm32f1xx_it.o(i.TIM4_IRQHandler)
    i.TIM_Base_SetConfig                     0x080019f8   Section        0  stm32f1xx_hal_tim.o(i.TIM_Base_SetConfig)
    i.UART_DMAAbortOnError                   0x08001a70   Section        0  stm32f1xx_hal_uart.o(i.UART_DMAAbortOnError)
    UART_DMAAbortOnError                     0x08001a71   Thumb Code    16  stm32f1xx_hal_uart.o(i.UART_DMAAbortOnError)
    i.UART_DMAError                          0x08001a80   Section        0  stm32f1xx_hal_uart.o(i.UART_DMAError)
    UART_DMAError                            0x08001a81   Thumb Code    74  stm32f1xx_hal_uart.o(i.UART_DMAError)
    i.UART_DMAReceiveCplt                    0x08001aca   Section        0  stm32f1xx_hal_uart.o(i.UART_DMAReceiveCplt)
    UART_DMAReceiveCplt                      0x08001acb   Thumb Code   134  stm32f1xx_hal_uart.o(i.UART_DMAReceiveCplt)
    i.UART_DMARxHalfCplt                     0x08001b50   Section        0  stm32f1xx_hal_uart.o(i.UART_DMARxHalfCplt)
    UART_DMARxHalfCplt                       0x08001b51   Thumb Code    30  stm32f1xx_hal_uart.o(i.UART_DMARxHalfCplt)
    i.UART_EndRxTransfer                     0x08001b6e   Section        0  stm32f1xx_hal_uart.o(i.UART_EndRxTransfer)
    UART_EndRxTransfer                       0x08001b6f   Thumb Code    78  stm32f1xx_hal_uart.o(i.UART_EndRxTransfer)
    i.UART_EndTxTransfer                     0x08001bbc   Section        0  stm32f1xx_hal_uart.o(i.UART_EndTxTransfer)
    UART_EndTxTransfer                       0x08001bbd   Thumb Code    28  stm32f1xx_hal_uart.o(i.UART_EndTxTransfer)
    i.UART_Receive_IT                        0x08001bd8   Section        0  stm32f1xx_hal_uart.o(i.UART_Receive_IT)
    UART_Receive_IT                          0x08001bd9   Thumb Code   194  stm32f1xx_hal_uart.o(i.UART_Receive_IT)
    i.UART_SetConfig                         0x08001c9c   Section        0  stm32f1xx_hal_uart.o(i.UART_SetConfig)
    UART_SetConfig                           0x08001c9d   Thumb Code   178  stm32f1xx_hal_uart.o(i.UART_SetConfig)
    i.UART_Start_Receive_DMA                 0x08001d54   Section        0  stm32f1xx_hal_uart.o(i.UART_Start_Receive_DMA)
    i.UART_WaitOnFlagUntilTimeout            0x08001de4   Section        0  stm32f1xx_hal_uart.o(i.UART_WaitOnFlagUntilTimeout)
    UART_WaitOnFlagUntilTimeout              0x08001de5   Thumb Code   114  stm32f1xx_hal_uart.o(i.UART_WaitOnFlagUntilTimeout)
    i.USART3_IRQHandler                      0x08001e58   Section        0  stm32f1xx_it.o(i.USART3_IRQHandler)
    i.UsageFault_Handler                     0x08001e64   Section        0  stm32f1xx_it.o(i.UsageFault_Handler)
    i.__NVIC_SetPriority                     0x08001e66   Section        0  stm32f1xx_hal_cortex.o(i.__NVIC_SetPriority)
    __NVIC_SetPriority                       0x08001e67   Thumb Code    32  stm32f1xx_hal_cortex.o(i.__NVIC_SetPriority)
    i.main                                   0x08001e86   Section        0  main.o(i.main)
    i.osDelay                                0x08001ea8   Section        0  cmsis_os2.o(i.osDelay)
    i.osKernelInitialize                     0x08001ec4   Section        0  cmsis_os2.o(i.osKernelInitialize)
    i.osKernelStart                          0x08001ee8   Section        0  cmsis_os2.o(i.osKernelStart)
    i.osMessageQueueNew                      0x08001f20   Section        0  cmsis_os2.o(i.osMessageQueueNew)
    i.osThreadNew                            0x08001f78   Section        0  cmsis_os2.o(i.osThreadNew)
    i.process_uart_data                      0x08002004   Section        0  freertos.o(i.process_uart_data)
    i.prvAddCurrentTaskToDelayedList         0x08002044   Section        0  tasks.o(i.prvAddCurrentTaskToDelayedList)
    prvAddCurrentTaskToDelayedList           0x08002045   Thumb Code    84  tasks.o(i.prvAddCurrentTaskToDelayedList)
    i.prvAddNewTaskToReadyList               0x080020a0   Section        0  tasks.o(i.prvAddNewTaskToReadyList)
    prvAddNewTaskToReadyList                 0x080020a1   Thumb Code   190  tasks.o(i.prvAddNewTaskToReadyList)
    i.prvCheckForValidListAndQueue           0x08002170   Section        0  timers.o(i.prvCheckForValidListAndQueue)
    prvCheckForValidListAndQueue             0x08002171   Thumb Code    72  timers.o(i.prvCheckForValidListAndQueue)
    i.prvCopyDataFromQueue                   0x080021c8   Section        0  queue.o(i.prvCopyDataFromQueue)
    prvCopyDataFromQueue                     0x080021c9   Thumb Code    38  queue.o(i.prvCopyDataFromQueue)
    i.prvCopyDataToQueue                     0x080021ee   Section        0  queue.o(i.prvCopyDataToQueue)
    prvCopyDataToQueue                       0x080021ef   Thumb Code   108  queue.o(i.prvCopyDataToQueue)
    i.prvDeleteTCB                           0x0800225a   Section        0  tasks.o(i.prvDeleteTCB)
    prvDeleteTCB                             0x0800225b   Thumb Code    52  tasks.o(i.prvDeleteTCB)
    i.prvHeapInit                            0x08002290   Section        0  heap_4.o(i.prvHeapInit)
    prvHeapInit                              0x08002291   Thumb Code    66  heap_4.o(i.prvHeapInit)
    i.prvIdleTask                            0x080022dc   Section        0  tasks.o(i.prvIdleTask)
    prvIdleTask                              0x080022dd   Thumb Code    82  tasks.o(i.prvIdleTask)
    i.prvInitialiseNewQueue                  0x0800233c   Section        0  queue.o(i.prvInitialiseNewQueue)
    prvInitialiseNewQueue                    0x0800233d   Thumb Code    34  queue.o(i.prvInitialiseNewQueue)
    i.prvInitialiseNewTask                   0x08002360   Section        0  tasks.o(i.prvInitialiseNewTask)
    prvInitialiseNewTask                     0x08002361   Thumb Code   176  tasks.o(i.prvInitialiseNewTask)
    i.prvInsertBlockIntoFreeList             0x08002410   Section        0  heap_4.o(i.prvInsertBlockIntoFreeList)
    prvInsertBlockIntoFreeList               0x08002411   Thumb Code    72  heap_4.o(i.prvInsertBlockIntoFreeList)
    i.prvInsertTimerInActiveList             0x0800245c   Section        0  timers.o(i.prvInsertTimerInActiveList)
    prvInsertTimerInActiveList               0x0800245d   Thumb Code    52  timers.o(i.prvInsertTimerInActiveList)
    i.prvIsQueueEmpty                        0x08002494   Section        0  queue.o(i.prvIsQueueEmpty)
    prvIsQueueEmpty                          0x08002495   Thumb Code    28  queue.o(i.prvIsQueueEmpty)
    i.prvProcessReceivedCommands             0x080024b0   Section        0  timers.o(i.prvProcessReceivedCommands)
    prvProcessReceivedCommands               0x080024b1   Thumb Code   248  timers.o(i.prvProcessReceivedCommands)
    i.prvProcessTimerOrBlockTask             0x080025ac   Section        0  timers.o(i.prvProcessTimerOrBlockTask)
    prvProcessTimerOrBlockTask               0x080025ad   Thumb Code   182  timers.o(i.prvProcessTimerOrBlockTask)
    i.prvResetNextTaskUnblockTime            0x0800266c   Section        0  tasks.o(i.prvResetNextTaskUnblockTime)
    prvResetNextTaskUnblockTime              0x0800266d   Thumb Code    26  tasks.o(i.prvResetNextTaskUnblockTime)
    i.prvSampleTimeNow                       0x0800268c   Section        0  timers.o(i.prvSampleTimeNow)
    prvSampleTimeNow                         0x0800268d   Thumb Code    36  timers.o(i.prvSampleTimeNow)
    i.prvSwitchTimerLists                    0x080026b4   Section        0  timers.o(i.prvSwitchTimerLists)
    prvSwitchTimerLists                      0x080026b5   Thumb Code   104  timers.o(i.prvSwitchTimerLists)
    i.prvTaskExitError                       0x08002720   Section        0  port.o(i.prvTaskExitError)
    prvTaskExitError                         0x08002721   Thumb Code    36  port.o(i.prvTaskExitError)
    i.prvTimerTask                           0x08002748   Section        0  timers.o(i.prvTimerTask)
    prvTimerTask                             0x08002749   Thumb Code    32  timers.o(i.prvTimerTask)
    i.prvUnlockQueue                         0x0800276c   Section        0  queue.o(i.prvUnlockQueue)
    prvUnlockQueue                           0x0800276d   Thumb Code   106  queue.o(i.prvUnlockQueue)
    i.pvPortMalloc                           0x080027d8   Section        0  heap_4.o(i.pvPortMalloc)
    i.pxPortInitialiseStack                  0x080028b4   Section        0  port.o(i.pxPortInitialiseStack)
    i.rt_ringbuffer_data_len                 0x080028d8   Section        0  ringbuffer.o(i.rt_ringbuffer_data_len)
    i.rt_ringbuffer_get                      0x08002908   Section        0  ringbuffer.o(i.rt_ringbuffer_get)
    i.rt_ringbuffer_init                     0x0800297c   Section        0  ringbuffer.o(i.rt_ringbuffer_init)
    i.rt_ringbuffer_put                      0x080029ac   Section        0  ringbuffer.o(i.rt_ringbuffer_put)
    i.rt_ringbuffer_status                   0x08002a24   Section        0  ringbuffer.o(i.rt_ringbuffer_status)
    rt_ringbuffer_status                     0x08002a25   Thumb Code    32  ringbuffer.o(i.rt_ringbuffer_status)
    i.startUART_task                         0x08002a44   Section        0  freertos.o(i.startUART_task)
    i.uxListRemove                           0x08002ac4   Section        0  list.o(i.uxListRemove)
    i.vApplicationGetIdleTaskMemory          0x08002aec   Section        0  cmsis_os2.o(i.vApplicationGetIdleTaskMemory)
    i.vApplicationGetTimerTaskMemory         0x08002b00   Section        0  cmsis_os2.o(i.vApplicationGetTimerTaskMemory)
    i.vListInitialise                        0x08002b18   Section        0  list.o(i.vListInitialise)
    i.vListInitialiseItem                    0x08002b2e   Section        0  list.o(i.vListInitialiseItem)
    i.vListInsert                            0x08002b34   Section        0  list.o(i.vListInsert)
    i.vListInsertEnd                         0x08002b64   Section        0  list.o(i.vListInsertEnd)
    i.vPortEnterCritical                     0x08002b7c   Section        0  port.o(i.vPortEnterCritical)
    i.vPortExitCritical                      0x08002bbc   Section        0  port.o(i.vPortExitCritical)
    i.vPortFree                              0x08002be4   Section        0  heap_4.o(i.vPortFree)
    i.vPortSetupTimerInterrupt               0x08002c48   Section        0  port.o(i.vPortSetupTimerInterrupt)
    i.vPortValidateInterruptPriority         0x08002c6c   Section        0  port.o(i.vPortValidateInterruptPriority)
    i.vQueueAddToRegistry                    0x08002cc0   Section        0  queue.o(i.vQueueAddToRegistry)
    i.vQueueWaitForMessageRestricted         0x08002ce8   Section        0  queue.o(i.vQueueWaitForMessageRestricted)
    i.vTaskDelay                             0x08002d2c   Section        0  tasks.o(i.vTaskDelay)
    i.vTaskInternalSetTimeOutState           0x08002d78   Section        0  tasks.o(i.vTaskInternalSetTimeOutState)
    i.vTaskMissedYield                       0x08002d88   Section        0  tasks.o(i.vTaskMissedYield)
    i.vTaskPlaceOnEventList                  0x08002d94   Section        0  tasks.o(i.vTaskPlaceOnEventList)
    i.vTaskPlaceOnEventListRestricted        0x08002dc4   Section        0  tasks.o(i.vTaskPlaceOnEventListRestricted)
    i.vTaskStartScheduler                    0x08002dfc   Section        0  tasks.o(i.vTaskStartScheduler)
    i.vTaskSuspendAll                        0x08002e84   Section        0  tasks.o(i.vTaskSuspendAll)
    i.vTaskSwitchContext                     0x08002e94   Section        0  tasks.o(i.vTaskSwitchContext)
    i.xPortStartScheduler                    0x08002ef8   Section        0  port.o(i.xPortStartScheduler)
    i.xPortSysTickHandler                    0x08002fa0   Section        0  port.o(i.xPortSysTickHandler)
    i.xQueueGenericCreate                    0x08002fcc   Section        0  queue.o(i.xQueueGenericCreate)
    i.xQueueGenericCreateStatic              0x0800300e   Section        0  queue.o(i.xQueueGenericCreateStatic)
    i.xQueueGenericReset                     0x08003074   Section        0  queue.o(i.xQueueGenericReset)
    i.xQueueGenericSend                      0x080030fc   Section        0  queue.o(i.xQueueGenericSend)
    i.xQueueGenericSendFromISR               0x0800325c   Section        0  queue.o(i.xQueueGenericSendFromISR)
    i.xQueueReceive                          0x0800331c   Section        0  queue.o(i.xQueueReceive)
    i.xTaskCheckForTimeOut                   0x08003454   Section        0  tasks.o(i.xTaskCheckForTimeOut)
    i.xTaskCreate                            0x080034c8   Section        0  tasks.o(i.xTaskCreate)
    i.xTaskCreateStatic                      0x08003522   Section        0  tasks.o(i.xTaskCreateStatic)
    i.xTaskGetSchedulerState                 0x08003578   Section        0  tasks.o(i.xTaskGetSchedulerState)
    i.xTaskGetTickCount                      0x08003594   Section        0  tasks.o(i.xTaskGetTickCount)
    i.xTaskIncrementTick                     0x080035a0   Section        0  tasks.o(i.xTaskIncrementTick)
    i.xTaskPriorityDisinherit                0x08003668   Section        0  tasks.o(i.xTaskPriorityDisinherit)
    i.xTaskRemoveFromEventList               0x080036e8   Section        0  tasks.o(i.xTaskRemoveFromEventList)
    i.xTaskResumeAll                         0x08003758   Section        0  tasks.o(i.xTaskResumeAll)
    i.xTimerCreateTimerTask                  0x0800381c   Section        0  timers.o(i.xTimerCreateTimerTask)
    i.xTimerGenericCommand                   0x0800387c   Section        0  timers.o(i.xTimerGenericCommand)
    .constdata                               0x080038e4   Section       96  freertos.o(.constdata)
    .constdata                               0x08003944   Section       18  stm32f1xx_hal_rcc.o(.constdata)
    aPredivFactorTable                       0x08003944   Data           2  stm32f1xx_hal_rcc.o(.constdata)
    aPLLMULFactorTable                       0x08003946   Data          16  stm32f1xx_hal_rcc.o(.constdata)
    .constdata                               0x08003956   Section       16  system_stm32f1xx.o(.constdata)
    .constdata                               0x08003966   Section        8  system_stm32f1xx.o(.constdata)
    .conststring                             0x08003970   Section       34  freertos.o(.conststring)
    .data                                    0x20000000   Section       12  freertos.o(.data)
    .data                                    0x2000000c   Section       12  stm32f1xx_hal.o(.data)
    .data                                    0x20000018   Section        4  system_stm32f1xx.o(.data)
    .data                                    0x2000001c   Section       60  tasks.o(.data)
    uxDeletedTasksWaitingCleanUp             0x20000020   Data           4  tasks.o(.data)
    uxCurrentNumberOfTasks                   0x20000024   Data           4  tasks.o(.data)
    xTickCount                               0x20000028   Data           4  tasks.o(.data)
    uxTopReadyPriority                       0x2000002c   Data           4  tasks.o(.data)
    xSchedulerRunning                        0x20000030   Data           4  tasks.o(.data)
    xPendedTicks                             0x20000034   Data           4  tasks.o(.data)
    xYieldPending                            0x20000038   Data           4  tasks.o(.data)
    xNumOfOverflows                          0x2000003c   Data           4  tasks.o(.data)
    uxTaskNumber                             0x20000040   Data           4  tasks.o(.data)
    xNextTaskUnblockTime                     0x20000044   Data           4  tasks.o(.data)
    xIdleTaskHandle                          0x20000048   Data           4  tasks.o(.data)
    uxSchedulerSuspended                     0x2000004c   Data           4  tasks.o(.data)
    pxDelayedTaskList                        0x20000050   Data           4  tasks.o(.data)
    pxOverflowDelayedTaskList                0x20000054   Data           4  tasks.o(.data)
    .data                                    0x20000058   Section       20  timers.o(.data)
    xTimerQueue                              0x20000058   Data           4  timers.o(.data)
    xTimerTaskHandle                         0x2000005c   Data           4  timers.o(.data)
    xLastTime                                0x20000060   Data           4  timers.o(.data)
    pxCurrentTimerList                       0x20000064   Data           4  timers.o(.data)
    pxOverflowTimerList                      0x20000068   Data           4  timers.o(.data)
    .data                                    0x2000006c   Section        4  cmsis_os2.o(.data)
    KernelState                              0x2000006c   Data           4  cmsis_os2.o(.data)
    .data                                    0x20000070   Section       32  heap_4.o(.data)
    pxEnd                                    0x20000070   Data           4  heap_4.o(.data)
    xFreeBytesRemaining                      0x20000074   Data           4  heap_4.o(.data)
    xMinimumEverFreeBytesRemaining           0x20000078   Data           4  heap_4.o(.data)
    xNumberOfSuccessfulAllocations           0x2000007c   Data           4  heap_4.o(.data)
    xNumberOfSuccessfulFrees                 0x20000080   Data           4  heap_4.o(.data)
    xBlockAllocatedBit                       0x20000084   Data           4  heap_4.o(.data)
    xStart                                   0x20000088   Data           8  heap_4.o(.data)
    .data                                    0x20000090   Section       12  port.o(.data)
    ucMaxSysCallPriority                     0x20000090   Data           1  port.o(.data)
    uxCriticalNesting                        0x20000094   Data           4  port.o(.data)
    ulMaxPRIGROUPValue                       0x20000098   Data           4  port.o(.data)
    .bss                                     0x2000009c   Section      652  freertos.o(.bss)
    .bss                                     0x20000328   Section      140  usart.o(.bss)
    .bss                                     0x200003b4   Section       72  stm32f1xx_hal_timebase_tim.o(.bss)
    .bss                                     0x200003fc   Section       64  queue.o(.bss)
    .bss                                     0x2000043c   Section     1220  tasks.o(.bss)
    pxReadyTasksLists                        0x2000043c   Data        1120  tasks.o(.bss)
    xDelayedTaskList1                        0x2000089c   Data          20  tasks.o(.bss)
    xDelayedTaskList2                        0x200008b0   Data          20  tasks.o(.bss)
    xPendingReadyList                        0x200008c4   Data          20  tasks.o(.bss)
    xTasksWaitingTermination                 0x200008d8   Data          20  tasks.o(.bss)
    xSuspendedTaskList                       0x200008ec   Data          20  tasks.o(.bss)
    .bss                                     0x20000900   Section      280  timers.o(.bss)
    xStaticTimerQueue                        0x20000900   Data          80  timers.o(.bss)
    ucStaticTimerQueueStorage                0x20000950   Data         160  timers.o(.bss)
    xActiveTimerList1                        0x200009f0   Data          20  timers.o(.bss)
    xActiveTimerList2                        0x20000a04   Data          20  timers.o(.bss)
    .bss                                     0x20000a18   Section     1720  cmsis_os2.o(.bss)
    Idle_TCB                                 0x20000a18   Data          92  cmsis_os2.o(.bss)
    Idle_Stack                               0x20000a74   Data         512  cmsis_os2.o(.bss)
    Timer_TCB                                0x20000c74   Data          92  cmsis_os2.o(.bss)
    Timer_Stack                              0x20000cd0   Data        1024  cmsis_os2.o(.bss)
    .bss                                     0x200010d0   Section     3072  heap_4.o(.bss)
    ucHeap                                   0x200010d0   Data        3072  heap_4.o(.bss)
    .bss                                     0x20001cd0   Section       96  libspace.o(.bss)
    HEAP                                     0x20001d30   Section      512  startup_stm32f103xb.o(HEAP)
    Heap_Mem                                 0x20001d30   Data         512  startup_stm32f103xb.o(HEAP)
    STACK                                    0x20001f30   Section     1024  startup_stm32f103xb.o(STACK)
    Stack_Mem                                0x20001f30   Data        1024  startup_stm32f103xb.o(STACK)
    __initial_sp                             0x20002330   Data           0  startup_stm32f103xb.o(STACK)

    Global Symbols

    Symbol Name                              Value     Ov Type        Size  Object(Section)

    BuildAttributes$$THM_ISAv4$P$D$K$B$S$PE$A:L22UL41UL21$X:L11$S22US41US21$IEEE1$IW$USESV6$~STKCKD$USESV7$~SHL$OSPACE$ROPI$EBA8$UX$STANDARDLIB$REQ8$PRES8$EABIv2 0x00000000   Number         0  anon$$obj.o ABSOLUTE
    __ARM_use_no_argv                        0x00000000   Number         0  main.o ABSOLUTE
    __ARM_exceptions_init                     - Undefined Weak Reference
    __alloca_initialize                       - Undefined Weak Reference
    __arm_fini_                               - Undefined Weak Reference
    __arm_preinit_                            - Undefined Weak Reference
    __cpp_initialize__aeabi_                  - Undefined Weak Reference
    __cxa_finalize                            - Undefined Weak Reference
    __rt_locale                               - Undefined Weak Reference
    __sigvec_lookup                           - Undefined Weak Reference
    _atexit_init                              - Undefined Weak Reference
    _call_atexit_fns                          - Undefined Weak Reference
    _clock_init                               - Undefined Weak Reference
    _fp_trap_init                             - Undefined Weak Reference
    _fp_trap_shutdown                         - Undefined Weak Reference
    _get_lc_collate                           - Undefined Weak Reference
    _get_lc_ctype                             - Undefined Weak Reference
    _get_lc_monetary                          - Undefined Weak Reference
    _get_lc_numeric                           - Undefined Weak Reference
    _get_lc_time                              - Undefined Weak Reference
    _getenv_init                              - Undefined Weak Reference
    _handle_redirection                       - Undefined Weak Reference
    _init_alloc                               - Undefined Weak Reference
    _init_user_alloc                          - Undefined Weak Reference
    _initio                                   - Undefined Weak Reference
    _rand_init                                - Undefined Weak Reference
    _signal_finish                            - Undefined Weak Reference
    _signal_init                              - Undefined Weak Reference
    _terminate_alloc                          - Undefined Weak Reference
    _terminate_user_alloc                     - Undefined Weak Reference
    _terminateio                              - Undefined Weak Reference
    __Vectors_Size                           0x000000ec   Number         0  startup_stm32f103xb.o ABSOLUTE
    __Vectors                                0x08000000   Data           4  startup_stm32f103xb.o(RESET)
    __Vectors_End                            0x080000ec   Data           0  startup_stm32f103xb.o(RESET)
    __main                                   0x080000ed   Thumb Code     8  __main.o(!!!main)
    __scatterload                            0x080000f5   Thumb Code     0  __scatter.o(!!!scatter)
    __scatterload_rt2                        0x080000f5   Thumb Code    44  __scatter.o(!!!scatter)
    __scatterload_rt2_thumb_only             0x080000f5   Thumb Code     0  __scatter.o(!!!scatter)
    __scatterload_null                       0x08000103   Thumb Code     0  __scatter.o(!!!scatter)
    __scatterload_copy                       0x08000129   Thumb Code    26  __scatter_copy.o(!!handler_copy)
    __scatterload_zeroinit                   0x08000145   Thumb Code    28  __scatter_zi.o(!!handler_zi)
    __rt_lib_init                            0x08000161   Thumb Code     0  libinit.o(.ARM.Collect$$libinit$$00000000)
    __rt_lib_init_alloca_1                   0x08000163   Thumb Code     0  libinit2.o(.ARM.Collect$$libinit$$0000002E)
    __rt_lib_init_argv_1                     0x08000163   Thumb Code     0  libinit2.o(.ARM.Collect$$libinit$$0000002C)
    __rt_lib_init_atexit_1                   0x08000163   Thumb Code     0  libinit2.o(.ARM.Collect$$libinit$$0000001B)
    __rt_lib_init_clock_1                    0x08000163   Thumb Code     0  libinit2.o(.ARM.Collect$$libinit$$00000021)
    __rt_lib_init_cpp_1                      0x08000163   Thumb Code     0  libinit2.o(.ARM.Collect$$libinit$$00000032)
    __rt_lib_init_exceptions_1               0x08000163   Thumb Code     0  libinit2.o(.ARM.Collect$$libinit$$00000030)
    __rt_lib_init_fp_1                       0x08000163   Thumb Code     0  libinit2.o(.ARM.Collect$$libinit$$00000002)
    __rt_lib_init_fp_trap_1                  0x08000163   Thumb Code     0  libinit2.o(.ARM.Collect$$libinit$$0000001F)
    __rt_lib_init_getenv_1                   0x08000163   Thumb Code     0  libinit2.o(.ARM.Collect$$libinit$$00000023)
    __rt_lib_init_heap_1                     0x08000163   Thumb Code     0  libinit2.o(.ARM.Collect$$libinit$$0000000A)
    __rt_lib_init_lc_collate_1               0x08000163   Thumb Code     0  libinit2.o(.ARM.Collect$$libinit$$00000011)
    __rt_lib_init_lc_ctype_1                 0x08000163   Thumb Code     0  libinit2.o(.ARM.Collect$$libinit$$00000013)
    __rt_lib_init_lc_monetary_1              0x08000163   Thumb Code     0  libinit2.o(.ARM.Collect$$libinit$$00000015)
    __rt_lib_init_lc_numeric_1               0x08000163   Thumb Code     0  libinit2.o(.ARM.Collect$$libinit$$00000017)
    __rt_lib_init_lc_time_1                  0x08000163   Thumb Code     0  libinit2.o(.ARM.Collect$$libinit$$00000019)
    __rt_lib_init_preinit_1                  0x08000163   Thumb Code     0  libinit2.o(.ARM.Collect$$libinit$$00000004)
    __rt_lib_init_rand_1                     0x08000163   Thumb Code     0  libinit2.o(.ARM.Collect$$libinit$$0000000E)
    __rt_lib_init_return                     0x08000163   Thumb Code     0  libinit2.o(.ARM.Collect$$libinit$$00000033)
    __rt_lib_init_signal_1                   0x08000163   Thumb Code     0  libinit2.o(.ARM.Collect$$libinit$$0000001D)
    __rt_lib_init_stdio_1                    0x08000163   Thumb Code     0  libinit2.o(.ARM.Collect$$libinit$$00000025)
    __rt_lib_init_user_alloc_1               0x08000163   Thumb Code     0  libinit2.o(.ARM.Collect$$libinit$$0000000C)
    __rt_lib_shutdown                        0x08000165   Thumb Code     0  libshutdown.o(.ARM.Collect$$libshutdown$$00000000)
    __rt_lib_shutdown_cpp_1                  0x08000167   Thumb Code     0  libshutdown2.o(.ARM.Collect$$libshutdown$$00000004)
    __rt_lib_shutdown_fini_1                 0x08000167   Thumb Code     0  libshutdown2.o(.ARM.Collect$$libshutdown$$00000002)
    __rt_lib_shutdown_fp_trap_1              0x08000167   Thumb Code     0  libshutdown2.o(.ARM.Collect$$libshutdown$$00000009)
    __rt_lib_shutdown_heap_1                 0x08000167   Thumb Code     0  libshutdown2.o(.ARM.Collect$$libshutdown$$00000011)
    __rt_lib_shutdown_return                 0x08000167   Thumb Code     0  libshutdown2.o(.ARM.Collect$$libshutdown$$00000012)
    __rt_lib_shutdown_signal_1               0x08000167   Thumb Code     0  libshutdown2.o(.ARM.Collect$$libshutdown$$0000000C)
    __rt_lib_shutdown_stdio_1                0x08000167   Thumb Code     0  libshutdown2.o(.ARM.Collect$$libshutdown$$00000006)
    __rt_lib_shutdown_user_alloc_1           0x08000167   Thumb Code     0  libshutdown2.o(.ARM.Collect$$libshutdown$$0000000E)
    __rt_entry                               0x08000169   Thumb Code     0  __rtentry.o(.ARM.Collect$$rtentry$$00000000)
    __rt_entry_presh_1                       0x08000169   Thumb Code     0  __rtentry2.o(.ARM.Collect$$rtentry$$00000002)
    __rt_entry_sh                            0x08000169   Thumb Code     0  __rtentry4.o(.ARM.Collect$$rtentry$$00000004)
    __rt_entry_li                            0x0800016f   Thumb Code     0  __rtentry2.o(.ARM.Collect$$rtentry$$0000000A)
    __rt_entry_postsh_1                      0x0800016f   Thumb Code     0  __rtentry2.o(.ARM.Collect$$rtentry$$00000009)
    __rt_entry_main                          0x08000173   Thumb Code     0  __rtentry2.o(.ARM.Collect$$rtentry$$0000000D)
    __rt_entry_postli_1                      0x08000173   Thumb Code     0  __rtentry2.o(.ARM.Collect$$rtentry$$0000000C)
    __rt_exit                                0x0800017b   Thumb Code     0  rtexit.o(.ARM.Collect$$rtexit$$00000000)
    __rt_exit_ls                             0x0800017d   Thumb Code     0  rtexit2.o(.ARM.Collect$$rtexit$$00000003)
    __rt_exit_prels_1                        0x0800017d   Thumb Code     0  rtexit2.o(.ARM.Collect$$rtexit$$00000002)
    __rt_exit_exit                           0x08000181   Thumb Code     0  rtexit2.o(.ARM.Collect$$rtexit$$00000004)
    SVC_Handler                              0x08000189   Thumb Code    32  port.o(.emb_text)
    __asm___6_port_c_39a90d8d__prvStartFirstTask 0x080001ad   Thumb Code    28  port.o(.emb_text)
    PendSV_Handler                           0x080001cd   Thumb Code    72  port.o(.emb_text)
    vPortGetIPSR                             0x08000219   Thumb Code     6  port.o(.emb_text)
    Reset_Handler                            0x08000221   Thumb Code     8  startup_stm32f103xb.o(.text)
    ADC1_2_IRQHandler                        0x0800023b   Thumb Code     0  startup_stm32f103xb.o(.text)
    CAN1_RX1_IRQHandler                      0x0800023b   Thumb Code     0  startup_stm32f103xb.o(.text)
    CAN1_SCE_IRQHandler                      0x0800023b   Thumb Code     0  startup_stm32f103xb.o(.text)
    DMA1_Channel1_IRQHandler                 0x0800023b   Thumb Code     0  startup_stm32f103xb.o(.text)
    DMA1_Channel2_IRQHandler                 0x0800023b   Thumb Code     0  startup_stm32f103xb.o(.text)
    DMA1_Channel4_IRQHandler                 0x0800023b   Thumb Code     0  startup_stm32f103xb.o(.text)
    DMA1_Channel5_IRQHandler                 0x0800023b   Thumb Code     0  startup_stm32f103xb.o(.text)
    DMA1_Channel6_IRQHandler                 0x0800023b   Thumb Code     0  startup_stm32f103xb.o(.text)
    DMA1_Channel7_IRQHandler                 0x0800023b   Thumb Code     0  startup_stm32f103xb.o(.text)
    EXTI0_IRQHandler                         0x0800023b   Thumb Code     0  startup_stm32f103xb.o(.text)
    EXTI15_10_IRQHandler                     0x0800023b   Thumb Code     0  startup_stm32f103xb.o(.text)
    EXTI1_IRQHandler                         0x0800023b   Thumb Code     0  startup_stm32f103xb.o(.text)
    EXTI2_IRQHandler                         0x0800023b   Thumb Code     0  startup_stm32f103xb.o(.text)
    EXTI3_IRQHandler                         0x0800023b   Thumb Code     0  startup_stm32f103xb.o(.text)
    EXTI4_IRQHandler                         0x0800023b   Thumb Code     0  startup_stm32f103xb.o(.text)
    EXTI9_5_IRQHandler                       0x0800023b   Thumb Code     0  startup_stm32f103xb.o(.text)
    FLASH_IRQHandler                         0x0800023b   Thumb Code     0  startup_stm32f103xb.o(.text)
    I2C1_ER_IRQHandler                       0x0800023b   Thumb Code     0  startup_stm32f103xb.o(.text)
    I2C1_EV_IRQHandler                       0x0800023b   Thumb Code     0  startup_stm32f103xb.o(.text)
    I2C2_ER_IRQHandler                       0x0800023b   Thumb Code     0  startup_stm32f103xb.o(.text)
    I2C2_EV_IRQHandler                       0x0800023b   Thumb Code     0  startup_stm32f103xb.o(.text)
    PVD_IRQHandler                           0x0800023b   Thumb Code     0  startup_stm32f103xb.o(.text)
    RCC_IRQHandler                           0x0800023b   Thumb Code     0  startup_stm32f103xb.o(.text)
    RTC_Alarm_IRQHandler                     0x0800023b   Thumb Code     0  startup_stm32f103xb.o(.text)
    RTC_IRQHandler                           0x0800023b   Thumb Code     0  startup_stm32f103xb.o(.text)
    SPI1_IRQHandler                          0x0800023b   Thumb Code     0  startup_stm32f103xb.o(.text)
    SPI2_IRQHandler                          0x0800023b   Thumb Code     0  startup_stm32f103xb.o(.text)
    TAMPER_IRQHandler                        0x0800023b   Thumb Code     0  startup_stm32f103xb.o(.text)
    TIM1_BRK_IRQHandler                      0x0800023b   Thumb Code     0  startup_stm32f103xb.o(.text)
    TIM1_CC_IRQHandler                       0x0800023b   Thumb Code     0  startup_stm32f103xb.o(.text)
    TIM1_TRG_COM_IRQHandler                  0x0800023b   Thumb Code     0  startup_stm32f103xb.o(.text)
    TIM1_UP_IRQHandler                       0x0800023b   Thumb Code     0  startup_stm32f103xb.o(.text)
    TIM2_IRQHandler                          0x0800023b   Thumb Code     0  startup_stm32f103xb.o(.text)
    TIM3_IRQHandler                          0x0800023b   Thumb Code     0  startup_stm32f103xb.o(.text)
    USART1_IRQHandler                        0x0800023b   Thumb Code     0  startup_stm32f103xb.o(.text)
    USART2_IRQHandler                        0x0800023b   Thumb Code     0  startup_stm32f103xb.o(.text)
    USBWakeUp_IRQHandler                     0x0800023b   Thumb Code     0  startup_stm32f103xb.o(.text)
    USB_HP_CAN1_TX_IRQHandler                0x0800023b   Thumb Code     0  startup_stm32f103xb.o(.text)
    USB_LP_CAN1_RX0_IRQHandler               0x0800023b   Thumb Code     0  startup_stm32f103xb.o(.text)
    WWDG_IRQHandler                          0x0800023b   Thumb Code     0  startup_stm32f103xb.o(.text)
    __user_initial_stackheap                 0x0800023d   Thumb Code     0  startup_stm32f103xb.o(.text)
    abort                                    0x08000261   Thumb Code    22  abort.o(.text)
    strlen                                   0x08000277   Thumb Code    62  strlen.o(.text)
    __aeabi_memcpy                           0x080002b5   Thumb Code     0  rt_memcpy_v6.o(.text)
    __rt_memcpy                              0x080002b5   Thumb Code   138  rt_memcpy_v6.o(.text)
    _memcpy_lastbytes                        0x0800031b   Thumb Code     0  rt_memcpy_v6.o(.text)
    __aeabi_memcpy4                          0x0800033f   Thumb Code     0  rt_memcpy_w.o(.text)
    __aeabi_memcpy8                          0x0800033f   Thumb Code     0  rt_memcpy_w.o(.text)
    __rt_memcpy_w                            0x0800033f   Thumb Code   100  rt_memcpy_w.o(.text)
    _memcpy_lastbytes_aligned                0x08000387   Thumb Code     0  rt_memcpy_w.o(.text)
    __aeabi_memset                           0x080003a3   Thumb Code    16  aeabi_memset.o(.text)
    __aeabi_memclr4                          0x080003b3   Thumb Code     0  rt_memclr_w.o(.text)
    __aeabi_memclr8                          0x080003b3   Thumb Code     0  rt_memclr_w.o(.text)
    __rt_memclr_w                            0x080003b3   Thumb Code    78  rt_memclr_w.o(.text)
    _memset_w                                0x080003b7   Thumb Code     0  rt_memclr_w.o(.text)
    __use_two_region_memory                  0x08000401   Thumb Code     2  heapauxi.o(.text)
    __rt_heap_escrow$2region                 0x08000403   Thumb Code     2  heapauxi.o(.text)
    __rt_heap_expand$2region                 0x08000405   Thumb Code     2  heapauxi.o(.text)
    _sys_exit                                0x08000409   Thumb Code     8  sys_exit.o(.text)
    __rt_SIGABRT                             0x08000415   Thumb Code    14  defsig_abrt_outer.o(.text)
    __aeabi_memclr                           0x08000423   Thumb Code     0  rt_memclr.o(.text)
    __rt_memclr                              0x08000423   Thumb Code    68  rt_memclr.o(.text)
    _memset                                  0x08000427   Thumb Code     0  rt_memclr.o(.text)
    __I$use$semihosting                      0x08000467   Thumb Code     0  use_no_semi.o(.text)
    __use_no_semihosting_swi                 0x08000467   Thumb Code     2  use_no_semi.o(.text)
    __semihosting_library_function           0x08000469   Thumb Code     0  indicate_semi.o(.text)
    __sig_exit                               0x08000469   Thumb Code    10  defsig_exit.o(.text)
    __rt_SIGABRT_inner                       0x08000475   Thumb Code    14  defsig_abrt_inner.o(.text)
    __user_setup_stackheap                   0x080004a5   Thumb Code    74  sys_stackheap_outer.o(.text)
    exit                                     0x080004ef   Thumb Code    18  exit.o(.text)
    __default_signal_display                 0x08000501   Thumb Code    50  defsig_general.o(.text)
    _ttywrch                                 0x08000533   Thumb Code    14  sys_wrch.o(.text)
    __user_libspace                          0x08000541   Thumb Code     8  libspace.o(.text)
    __user_perproc_libspace                  0x08000541   Thumb Code     0  libspace.o(.text)
    __user_perthread_libspace                0x08000541   Thumb Code     0  libspace.o(.text)
    BusFault_Handler                         0x08000549   Thumb Code     2  stm32f1xx_it.o(i.BusFault_Handler)
    DMA1_Channel3_IRQHandler                 0x0800054d   Thumb Code     6  stm32f1xx_it.o(i.DMA1_Channel3_IRQHandler)
    DebugMon_Handler                         0x08000583   Thumb Code     2  stm32f1xx_it.o(i.DebugMon_Handler)
    Error_Handler                            0x08000585   Thumb Code     4  main.o(i.Error_Handler)
    HAL_DMA_Abort                            0x08000589   Thumb Code    70  stm32f1xx_hal_dma.o(i.HAL_DMA_Abort)
    HAL_DMA_Abort_IT                         0x080005d1   Thumb Code   148  stm32f1xx_hal_dma.o(i.HAL_DMA_Abort_IT)
    HAL_DMA_IRQHandler                       0x08000669   Thumb Code   316  stm32f1xx_hal_dma.o(i.HAL_DMA_IRQHandler)
    HAL_DMA_Init                             0x080007bd   Thumb Code    84  stm32f1xx_hal_dma.o(i.HAL_DMA_Init)
    HAL_DMA_Start_IT                         0x08000819   Thumb Code   112  stm32f1xx_hal_dma.o(i.HAL_DMA_Start_IT)
    HAL_GPIO_Init                            0x08000889   Thumb Code   446  stm32f1xx_hal_gpio.o(i.HAL_GPIO_Init)
    HAL_GetTick                              0x08000a69   Thumb Code     6  stm32f1xx_hal.o(i.HAL_GetTick)
    HAL_IncTick                              0x08000a75   Thumb Code    12  stm32f1xx_hal.o(i.HAL_IncTick)
    HAL_Init                                 0x08000a85   Thumb Code    32  stm32f1xx_hal.o(i.HAL_Init)
    HAL_InitTick                             0x08000aa9   Thumb Code   132  stm32f1xx_hal_timebase_tim.o(i.HAL_InitTick)
    HAL_MspInit                              0x08000b41   Thumb Code    62  stm32f1xx_hal_msp.o(i.HAL_MspInit)
    HAL_NVIC_EnableIRQ                       0x08000b89   Thumb Code    26  stm32f1xx_hal_cortex.o(i.HAL_NVIC_EnableIRQ)
    HAL_NVIC_SetPriority                     0x08000ba5   Thumb Code    60  stm32f1xx_hal_cortex.o(i.HAL_NVIC_SetPriority)
    HAL_NVIC_SetPriorityGrouping             0x08000be5   Thumb Code    26  stm32f1xx_hal_cortex.o(i.HAL_NVIC_SetPriorityGrouping)
    HAL_RCC_ClockConfig                      0x08000c09   Thumb Code   280  stm32f1xx_hal_rcc.o(i.HAL_RCC_ClockConfig)
    HAL_RCC_GetClockConfig                   0x08000d35   Thumb Code    54  stm32f1xx_hal_rcc.o(i.HAL_RCC_GetClockConfig)
    HAL_RCC_GetPCLK1Freq                     0x08000d75   Thumb Code    20  stm32f1xx_hal_rcc.o(i.HAL_RCC_GetPCLK1Freq)
    HAL_RCC_GetPCLK2Freq                     0x08000d95   Thumb Code    20  stm32f1xx_hal_rcc.o(i.HAL_RCC_GetPCLK2Freq)
    HAL_RCC_GetSysClockFreq                  0x08000db5   Thumb Code    58  stm32f1xx_hal_rcc.o(i.HAL_RCC_GetSysClockFreq)
    HAL_RCC_OscConfig                        0x08000e01   Thumb Code   778  stm32f1xx_hal_rcc.o(i.HAL_RCC_OscConfig)
    HAL_TIMEx_BreakCallback                  0x08001121   Thumb Code     2  stm32f1xx_hal_tim_ex.o(i.HAL_TIMEx_BreakCallback)
    HAL_TIMEx_CommutCallback                 0x08001123   Thumb Code     2  stm32f1xx_hal_tim_ex.o(i.HAL_TIMEx_CommutCallback)
    HAL_TIM_Base_Init                        0x08001125   Thumb Code    90  stm32f1xx_hal_tim.o(i.HAL_TIM_Base_Init)
    HAL_TIM_Base_MspInit                     0x0800117f   Thumb Code     2  stm32f1xx_hal_tim.o(i.HAL_TIM_Base_MspInit)
    HAL_TIM_Base_Start_IT                    0x08001181   Thumb Code    76  stm32f1xx_hal_tim.o(i.HAL_TIM_Base_Start_IT)
    HAL_TIM_IC_CaptureCallback               0x080011d9   Thumb Code     2  stm32f1xx_hal_tim.o(i.HAL_TIM_IC_CaptureCallback)
    HAL_TIM_IRQHandler                       0x080011db   Thumb Code   304  stm32f1xx_hal_tim.o(i.HAL_TIM_IRQHandler)
    HAL_TIM_OC_DelayElapsedCallback          0x0800130b   Thumb Code     2  stm32f1xx_hal_tim.o(i.HAL_TIM_OC_DelayElapsedCallback)
    HAL_TIM_PWM_PulseFinishedCallback        0x0800130d   Thumb Code     2  stm32f1xx_hal_tim.o(i.HAL_TIM_PWM_PulseFinishedCallback)
    HAL_TIM_PeriodElapsedCallback            0x08001311   Thumb Code    14  main.o(i.HAL_TIM_PeriodElapsedCallback)
    HAL_TIM_TriggerCallback                  0x08001325   Thumb Code     2  stm32f1xx_hal_tim.o(i.HAL_TIM_TriggerCallback)
    HAL_UARTEx_ReceiveToIdle_DMA             0x08001327   Thumb Code    74  stm32f1xx_hal_uart.o(i.HAL_UARTEx_ReceiveToIdle_DMA)
    HAL_UARTEx_RxEventCallback               0x08001371   Thumb Code    84  freertos.o(i.HAL_UARTEx_RxEventCallback)
    HAL_UART_ErrorCallback                   0x080013f9   Thumb Code    34  freertos.o(i.HAL_UART_ErrorCallback)
    HAL_UART_IRQHandler                      0x0800142d   Thumb Code   616  stm32f1xx_hal_uart.o(i.HAL_UART_IRQHandler)
    HAL_UART_Init                            0x08001699   Thumb Code   100  stm32f1xx_hal_uart.o(i.HAL_UART_Init)
    HAL_UART_MspInit                         0x080016fd   Thumb Code   154  usart.o(i.HAL_UART_MspInit)
    HAL_UART_RxCpltCallback                  0x080017ad   Thumb Code     2  stm32f1xx_hal_uart.o(i.HAL_UART_RxCpltCallback)
    HAL_UART_RxHalfCpltCallback              0x080017af   Thumb Code     2  stm32f1xx_hal_uart.o(i.HAL_UART_RxHalfCpltCallback)
    HAL_UART_Transmit                        0x080017b1   Thumb Code   160  stm32f1xx_hal_uart.o(i.HAL_UART_Transmit)
    HAL_UART_TxCpltCallback                  0x08001851   Thumb Code     2  stm32f1xx_hal_uart.o(i.HAL_UART_TxCpltCallback)
    HardFault_Handler                        0x08001853   Thumb Code     2  stm32f1xx_it.o(i.HardFault_Handler)
    MX_DMA_Init                              0x08001855   Thumb Code    40  dma.o(i.MX_DMA_Init)
    MX_FREERTOS_Init                         0x08001881   Thumb Code    84  freertos.o(i.MX_FREERTOS_Init)
    MX_GPIO_Init                             0x080018f1   Thumb Code    54  gpio.o(i.MX_GPIO_Init)
    MX_USART3_UART_Init                      0x0800192d   Thumb Code    48  usart.o(i.MX_USART3_UART_Init)
    MemManage_Handler                        0x08001965   Thumb Code     2  stm32f1xx_it.o(i.MemManage_Handler)
    NMI_Handler                              0x08001967   Thumb Code     2  stm32f1xx_it.o(i.NMI_Handler)
    StartDefaultTask                         0x08001969   Thumb Code     8  freertos.o(i.StartDefaultTask)
    SysTick_Handler                          0x08001971   Thumb Code    26  cmsis_os2.o(i.SysTick_Handler)
    SystemClock_Config                       0x0800198b   Thumb Code    94  main.o(i.SystemClock_Config)
    SystemInit                               0x080019e9   Thumb Code     2  system_stm32f1xx.o(i.SystemInit)
    TIM4_IRQHandler                          0x080019ed   Thumb Code     6  stm32f1xx_it.o(i.TIM4_IRQHandler)
    TIM_Base_SetConfig                       0x080019f9   Thumb Code   108  stm32f1xx_hal_tim.o(i.TIM_Base_SetConfig)
    UART_Start_Receive_DMA                   0x08001d55   Thumb Code   130  stm32f1xx_hal_uart.o(i.UART_Start_Receive_DMA)
    USART3_IRQHandler                        0x08001e59   Thumb Code     6  stm32f1xx_it.o(i.USART3_IRQHandler)
    UsageFault_Handler                       0x08001e65   Thumb Code     2  stm32f1xx_it.o(i.UsageFault_Handler)
    main                                     0x08001e87   Thumb Code    34  main.o(i.main)
    osDelay                                  0x08001ea9   Thumb Code    26  cmsis_os2.o(i.osDelay)
    osKernelInitialize                       0x08001ec5   Thumb Code    32  cmsis_os2.o(i.osKernelInitialize)
    osKernelStart                            0x08001ee9   Thumb Code    48  cmsis_os2.o(i.osKernelStart)
    osMessageQueueNew                        0x08001f21   Thumb Code    88  cmsis_os2.o(i.osMessageQueueNew)
    osThreadNew                              0x08001f79   Thumb Code   138  cmsis_os2.o(i.osThreadNew)
    process_uart_data                        0x08002005   Thumb Code    46  freertos.o(i.process_uart_data)
    pvPortMalloc                             0x080027d9   Thumb Code   216  heap_4.o(i.pvPortMalloc)
    pxPortInitialiseStack                    0x080028b5   Thumb Code    32  port.o(i.pxPortInitialiseStack)
    rt_ringbuffer_data_len                   0x080028d9   Thumb Code    48  ringbuffer.o(i.rt_ringbuffer_data_len)
    rt_ringbuffer_get                        0x08002909   Thumb Code   116  ringbuffer.o(i.rt_ringbuffer_get)
    rt_ringbuffer_init                       0x0800297d   Thumb Code    48  ringbuffer.o(i.rt_ringbuffer_init)
    rt_ringbuffer_put                        0x080029ad   Thumb Code   120  ringbuffer.o(i.rt_ringbuffer_put)
    startUART_task                           0x08002a45   Thumb Code    74  freertos.o(i.startUART_task)
    uxListRemove                             0x08002ac5   Thumb Code    38  list.o(i.uxListRemove)
    vApplicationGetIdleTaskMemory            0x08002aed   Thumb Code    16  cmsis_os2.o(i.vApplicationGetIdleTaskMemory)
    vApplicationGetTimerTaskMemory           0x08002b01   Thumb Code    18  cmsis_os2.o(i.vApplicationGetTimerTaskMemory)
    vListInitialise                          0x08002b19   Thumb Code    22  list.o(i.vListInitialise)
    vListInitialiseItem                      0x08002b2f   Thumb Code     6  list.o(i.vListInitialiseItem)
    vListInsert                              0x08002b35   Thumb Code    48  list.o(i.vListInsert)
    vListInsertEnd                           0x08002b65   Thumb Code    24  list.o(i.vListInsertEnd)
    vPortEnterCritical                       0x08002b7d   Thumb Code    54  port.o(i.vPortEnterCritical)
    vPortExitCritical                        0x08002bbd   Thumb Code    34  port.o(i.vPortExitCritical)
    vPortFree                                0x08002be5   Thumb Code    94  heap_4.o(i.vPortFree)
    vPortSetupTimerInterrupt                 0x08002c49   Thumb Code    32  port.o(i.vPortSetupTimerInterrupt)
    vPortValidateInterruptPriority           0x08002c6d   Thumb Code    74  port.o(i.vPortValidateInterruptPriority)
    vQueueAddToRegistry                      0x08002cc1   Thumb Code    34  queue.o(i.vQueueAddToRegistry)
    vQueueWaitForMessageRestricted           0x08002ce9   Thumb Code    68  queue.o(i.vQueueWaitForMessageRestricted)
    vTaskDelay                               0x08002d2d   Thumb Code    66  tasks.o(i.vTaskDelay)
    vTaskInternalSetTimeOutState             0x08002d79   Thumb Code    12  tasks.o(i.vTaskInternalSetTimeOutState)
    vTaskMissedYield                         0x08002d89   Thumb Code     8  tasks.o(i.vTaskMissedYield)
    vTaskPlaceOnEventList                    0x08002d95   Thumb Code    44  tasks.o(i.vTaskPlaceOnEventList)
    vTaskPlaceOnEventListRestricted          0x08002dc5   Thumb Code    52  tasks.o(i.vTaskPlaceOnEventListRestricted)
    vTaskStartScheduler                      0x08002dfd   Thumb Code   118  tasks.o(i.vTaskStartScheduler)
    vTaskSuspendAll                          0x08002e85   Thumb Code    10  tasks.o(i.vTaskSuspendAll)
    vTaskSwitchContext                       0x08002e95   Thumb Code    90  tasks.o(i.vTaskSwitchContext)
    xPortStartScheduler                      0x08002ef9   Thumb Code   154  port.o(i.xPortStartScheduler)
    xPortSysTickHandler                      0x08002fa1   Thumb Code    38  port.o(i.xPortSysTickHandler)
    xQueueGenericCreate                      0x08002fcd   Thumb Code    66  queue.o(i.xQueueGenericCreate)
    xQueueGenericCreateStatic                0x0800300f   Thumb Code   102  queue.o(i.xQueueGenericCreateStatic)
    xQueueGenericReset                       0x08003075   Thumb Code   132  queue.o(i.xQueueGenericReset)
    xQueueGenericSend                        0x080030fd   Thumb Code   346  queue.o(i.xQueueGenericSend)
    xQueueGenericSendFromISR                 0x0800325d   Thumb Code   190  queue.o(i.xQueueGenericSendFromISR)
    xQueueReceive                            0x0800331d   Thumb Code   308  queue.o(i.xQueueReceive)
    xTaskCheckForTimeOut                     0x08003455   Thumb Code   112  tasks.o(i.xTaskCheckForTimeOut)
    xTaskCreate                              0x080034c9   Thumb Code    90  tasks.o(i.xTaskCreate)
    xTaskCreateStatic                        0x08003523   Thumb Code    86  tasks.o(i.xTaskCreateStatic)
    xTaskGetSchedulerState                   0x08003579   Thumb Code    22  tasks.o(i.xTaskGetSchedulerState)
    xTaskGetTickCount                        0x08003595   Thumb Code     6  tasks.o(i.xTaskGetTickCount)
    xTaskIncrementTick                       0x080035a1   Thumb Code   192  tasks.o(i.xTaskIncrementTick)
    xTaskPriorityDisinherit                  0x08003669   Thumb Code   118  tasks.o(i.xTaskPriorityDisinherit)
    xTaskRemoveFromEventList                 0x080036e9   Thumb Code    98  tasks.o(i.xTaskRemoveFromEventList)
    xTaskResumeAll                           0x08003759   Thumb Code   182  tasks.o(i.xTaskResumeAll)
    xTimerCreateTimerTask                    0x0800381d   Thumb Code    78  timers.o(i.xTimerCreateTimerTask)
    xTimerGenericCommand                     0x0800387d   Thumb Code    98  timers.o(i.xTimerGenericCommand)
    defaultTask_attributes                   0x080038e4   Data          36  freertos.o(.constdata)
    UART_task_attributes                     0x08003908   Data          36  freertos.o(.constdata)
    Uart_Queue_attributes                    0x0800392c   Data          24  freertos.o(.constdata)
    AHBPrescTable                            0x08003956   Data          16  system_stm32f1xx.o(.constdata)
    APBPrescTable                            0x08003966   Data           8  system_stm32f1xx.o(.constdata)
    Region$$Table$$Base                      0x08003994   Number         0  anon$$obj.o(Region$$Table)
    Region$$Table$$Limit                     0x080039b4   Number         0  anon$$obj.o(Region$$Table)
    defaultTaskHandle                        0x20000000   Data           4  freertos.o(.data)
    UART_taskHandle                          0x20000004   Data           4  freertos.o(.data)
    Uart_QueueHandle                         0x20000008   Data           4  freertos.o(.data)
    uwTickFreq                               0x2000000c   Data           1  stm32f1xx_hal.o(.data)
    uwTickPrio                               0x20000010   Data           4  stm32f1xx_hal.o(.data)
    uwTick                                   0x20000014   Data           4  stm32f1xx_hal.o(.data)
    SystemCoreClock                          0x20000018   Data           4  system_stm32f1xx.o(.data)
    pxCurrentTCB                             0x2000001c   Data           4  tasks.o(.data)
    dma_rx_buf                               0x2000009c   Data         128  freertos.o(.bss)
    ring_buffer_pool                         0x2000011c   Data         512  freertos.o(.bss)
    uart_rx_ringbuf                          0x2000031c   Data          12  freertos.o(.bss)
    huart3                                   0x20000328   Data          72  usart.o(.bss)
    hdma_usart3_rx                           0x20000370   Data          68  usart.o(.bss)
    htim4                                    0x200003b4   Data          72  stm32f1xx_hal_timebase_tim.o(.bss)
    xQueueRegistry                           0x200003fc   Data          64  queue.o(.bss)
    __libspace_start                         0x20001cd0   Data          96  libspace.o(.bss)
    __temporary_stack_top$libspace           0x20001d30   Data           0  libspace.o(.bss)



==============================================================================

Memory Map of the image

  Image Entry point : 0x080000ed

  Load Region LR_IROM1 (Base: 0x08000000, Size: 0x00003a50, Max: 0x00010000, ABSOLUTE)

    Execution Region ER_IROM1 (Exec base: 0x08000000, Load base: 0x08000000, Size: 0x000039b4, Max: 0x00010000, ABSOLUTE)

    Exec Addr    Load Addr    Size         Type   Attr      Idx    E Section Name        Object

    0x08000000   0x08000000   0x000000ec   Data   RO            3    RESET               startup_stm32f103xb.o
    0x080000ec   0x080000ec   0x00000008   Code   RO         4742  * !!!main             c_w.l(__main.o)
    0x080000f4   0x080000f4   0x00000034   Code   RO         4907    !!!scatter          c_w.l(__scatter.o)
    0x08000128   0x08000128   0x0000001a   Code   RO         4909    !!handler_copy      c_w.l(__scatter_copy.o)
    0x08000142   0x08000142   0x00000002   PAD
    0x08000144   0x08000144   0x0000001c   Code   RO         4911    !!handler_zi        c_w.l(__scatter_zi.o)
    0x08000160   0x08000160   0x00000002   Code   RO         4790    .ARM.Collect$$libinit$$00000000  c_w.l(libinit.o)
    0x08000162   0x08000162   0x00000000   Code   RO         4801    .ARM.Collect$$libinit$$00000002  c_w.l(libinit2.o)
    0x08000162   0x08000162   0x00000000   Code   RO         4803    .ARM.Collect$$libinit$$00000004  c_w.l(libinit2.o)
    0x08000162   0x08000162   0x00000000   Code   RO         4806    .ARM.Collect$$libinit$$0000000A  c_w.l(libinit2.o)
    0x08000162   0x08000162   0x00000000   Code   RO         4808    .ARM.Collect$$libinit$$0000000C  c_w.l(libinit2.o)
    0x08000162   0x08000162   0x00000000   Code   RO         4810    .ARM.Collect$$libinit$$0000000E  c_w.l(libinit2.o)
    0x08000162   0x08000162   0x00000000   Code   RO         4813    .ARM.Collect$$libinit$$00000011  c_w.l(libinit2.o)
    0x08000162   0x08000162   0x00000000   Code   RO         4815    .ARM.Collect$$libinit$$00000013  c_w.l(libinit2.o)
    0x08000162   0x08000162   0x00000000   Code   RO         4817    .ARM.Collect$$libinit$$00000015  c_w.l(libinit2.o)
    0x08000162   0x08000162   0x00000000   Code   RO         4819    .ARM.Collect$$libinit$$00000017  c_w.l(libinit2.o)
    0x08000162   0x08000162   0x00000000   Code   RO         4821    .ARM.Collect$$libinit$$00000019  c_w.l(libinit2.o)
    0x08000162   0x08000162   0x00000000   Code   RO         4823    .ARM.Collect$$libinit$$0000001B  c_w.l(libinit2.o)
    0x08000162   0x08000162   0x00000000   Code   RO         4825    .ARM.Collect$$libinit$$0000001D  c_w.l(libinit2.o)
    0x08000162   0x08000162   0x00000000   Code   RO         4827    .ARM.Collect$$libinit$$0000001F  c_w.l(libinit2.o)
    0x08000162   0x08000162   0x00000000   Code   RO         4829    .ARM.Collect$$libinit$$00000021  c_w.l(libinit2.o)
    0x08000162   0x08000162   0x00000000   Code   RO         4831    .ARM.Collect$$libinit$$00000023  c_w.l(libinit2.o)
    0x08000162   0x08000162   0x00000000   Code   RO         4833    .ARM.Collect$$libinit$$00000025  c_w.l(libinit2.o)
    0x08000162   0x08000162   0x00000000   Code   RO         4837    .ARM.Collect$$libinit$$0000002C  c_w.l(libinit2.o)
    0x08000162   0x08000162   0x00000000   Code   RO         4839    .ARM.Collect$$libinit$$0000002E  c_w.l(libinit2.o)
    0x08000162   0x08000162   0x00000000   Code   RO         4841    .ARM.Collect$$libinit$$00000030  c_w.l(libinit2.o)
    0x08000162   0x08000162   0x00000000   Code   RO         4843    .ARM.Collect$$libinit$$00000032  c_w.l(libinit2.o)
    0x08000162   0x08000162   0x00000002   Code   RO         4844    .ARM.Collect$$libinit$$00000033  c_w.l(libinit2.o)
    0x08000164   0x08000164   0x00000002   Code   RO         4878    .ARM.Collect$$libshutdown$$00000000  c_w.l(libshutdown.o)
    0x08000166   0x08000166   0x00000000   Code   RO         4888    .ARM.Collect$$libshutdown$$00000002  c_w.l(libshutdown2.o)
    0x08000166   0x08000166   0x00000000   Code   RO         4890    .ARM.Collect$$libshutdown$$00000004  c_w.l(libshutdown2.o)
    0x08000166   0x08000166   0x00000000   Code   RO         4892    .ARM.Collect$$libshutdown$$00000006  c_w.l(libshutdown2.o)
    0x08000166   0x08000166   0x00000000   Code   RO         4895    .ARM.Collect$$libshutdown$$00000009  c_w.l(libshutdown2.o)
    0x08000166   0x08000166   0x00000000   Code   RO         4898    .ARM.Collect$$libshutdown$$0000000C  c_w.l(libshutdown2.o)
    0x08000166   0x08000166   0x00000000   Code   RO         4900    .ARM.Collect$$libshutdown$$0000000E  c_w.l(libshutdown2.o)
    0x08000166   0x08000166   0x00000000   Code   RO         4903    .ARM.Collect$$libshutdown$$00000011  c_w.l(libshutdown2.o)
    0x08000166   0x08000166   0x00000002   Code   RO         4904    .ARM.Collect$$libshutdown$$00000012  c_w.l(libshutdown2.o)
    0x08000168   0x08000168   0x00000000   Code   RO         4746    .ARM.Collect$$rtentry$$00000000  c_w.l(__rtentry.o)
    0x08000168   0x08000168   0x00000000   Code   RO         4757    .ARM.Collect$$rtentry$$00000002  c_w.l(__rtentry2.o)
    0x08000168   0x08000168   0x00000006   Code   RO         4769    .ARM.Collect$$rtentry$$00000004  c_w.l(__rtentry4.o)
    0x0800016e   0x0800016e   0x00000000   Code   RO         4759    .ARM.Collect$$rtentry$$00000009  c_w.l(__rtentry2.o)
    0x0800016e   0x0800016e   0x00000004   Code   RO         4760    .ARM.Collect$$rtentry$$0000000A  c_w.l(__rtentry2.o)
    0x08000172   0x08000172   0x00000000   Code   RO         4762    .ARM.Collect$$rtentry$$0000000C  c_w.l(__rtentry2.o)
    0x08000172   0x08000172   0x00000008   Code   RO         4763    .ARM.Collect$$rtentry$$0000000D  c_w.l(__rtentry2.o)
    0x0800017a   0x0800017a   0x00000002   Code   RO         4796    .ARM.Collect$$rtexit$$00000000  c_w.l(rtexit.o)
    0x0800017c   0x0800017c   0x00000000   Code   RO         4846    .ARM.Collect$$rtexit$$00000002  c_w.l(rtexit2.o)
    0x0800017c   0x0800017c   0x00000004   Code   RO         4847    .ARM.Collect$$rtexit$$00000003  c_w.l(rtexit2.o)
    0x08000180   0x08000180   0x00000006   Code   RO         4848    .ARM.Collect$$rtexit$$00000004  c_w.l(rtexit2.o)
    0x08000186   0x08000186   0x00000002   PAD
    0x08000188   0x08000188   0x00000096   Code   RO         4645    .emb_text           port.o
    0x0800021e   0x0800021e   0x00000002   PAD
    0x08000220   0x08000220   0x00000040   Code   RO            4    .text               startup_stm32f103xb.o
    0x08000260   0x08000260   0x00000016   Code   RO         4726    .text               c_w.l(abort.o)
    0x08000276   0x08000276   0x0000003e   Code   RO         4728    .text               c_w.l(strlen.o)
    0x080002b4   0x080002b4   0x0000008a   Code   RO         4730    .text               c_w.l(rt_memcpy_v6.o)
    0x0800033e   0x0800033e   0x00000064   Code   RO         4732    .text               c_w.l(rt_memcpy_w.o)
    0x080003a2   0x080003a2   0x00000010   Code   RO         4736    .text               c_w.l(aeabi_memset.o)
    0x080003b2   0x080003b2   0x0000004e   Code   RO         4738    .text               c_w.l(rt_memclr_w.o)
    0x08000400   0x08000400   0x00000006   Code   RO         4740    .text               c_w.l(heapauxi.o)
    0x08000406   0x08000406   0x00000002   PAD
    0x08000408   0x08000408   0x0000000c   Code   RO         4744    .text               c_w.l(sys_exit.o)
    0x08000414   0x08000414   0x0000000e   Code   RO         4747    .text               c_w.l(defsig_abrt_outer.o)
    0x08000422   0x08000422   0x00000044   Code   RO         4751    .text               c_w.l(rt_memclr.o)
    0x08000466   0x08000466   0x00000002   Code   RO         4753    .text               c_w.l(use_no_semi.o)
    0x08000468   0x08000468   0x00000000   Code   RO         4755    .text               c_w.l(indicate_semi.o)
    0x08000468   0x08000468   0x0000000a   Code   RO         4773    .text               c_w.l(defsig_exit.o)
    0x08000472   0x08000472   0x00000002   PAD
    0x08000474   0x08000474   0x00000030   Code   RO         4775    .text               c_w.l(defsig_abrt_inner.o)
    0x080004a4   0x080004a4   0x0000004a   Code   RO         4777    .text               c_w.l(sys_stackheap_outer.o)
    0x080004ee   0x080004ee   0x00000012   Code   RO         4779    .text               c_w.l(exit.o)
    0x08000500   0x08000500   0x00000032   Code   RO         4783    .text               c_w.l(defsig_general.o)
    0x08000532   0x08000532   0x0000000e   Code   RO         4791    .text               c_w.l(sys_wrch.o)
    0x08000540   0x08000540   0x00000008   Code   RO         4793    .text               c_w.l(libspace.o)
    0x08000548   0x08000548   0x00000002   Code   RO          359    i.BusFault_Handler  stm32f1xx_it.o
    0x0800054a   0x0800054a   0x00000002   PAD
    0x0800054c   0x0800054c   0x0000000c   Code   RO          360    i.DMA1_Channel3_IRQHandler  stm32f1xx_it.o
    0x08000558   0x08000558   0x0000002a   Code   RO         1969    i.DMA_SetConfig     stm32f1xx_hal_dma.o
    0x08000582   0x08000582   0x00000002   Code   RO          361    i.DebugMon_Handler  stm32f1xx_it.o
    0x08000584   0x08000584   0x00000004   Code   RO           13    i.Error_Handler     main.o
    0x08000588   0x08000588   0x00000046   Code   RO         1970    i.HAL_DMA_Abort     stm32f1xx_hal_dma.o
    0x080005ce   0x080005ce   0x00000002   PAD
    0x080005d0   0x080005d0   0x00000098   Code   RO         1971    i.HAL_DMA_Abort_IT  stm32f1xx_hal_dma.o
    0x08000668   0x08000668   0x00000154   Code   RO         1975    i.HAL_DMA_IRQHandler  stm32f1xx_hal_dma.o
    0x080007bc   0x080007bc   0x0000005c   Code   RO         1976    i.HAL_DMA_Init      stm32f1xx_hal_dma.o
    0x08000818   0x08000818   0x00000070   Code   RO         1980    i.HAL_DMA_Start_IT  stm32f1xx_hal_dma.o
    0x08000888   0x08000888   0x000001e0   Code   RO         1906    i.HAL_GPIO_Init     stm32f1xx_hal_gpio.o
    0x08000a68   0x08000a68   0x0000000c   Code   RO         1600    i.HAL_GetTick       stm32f1xx_hal.o
    0x08000a74   0x08000a74   0x00000010   Code   RO         1606    i.HAL_IncTick       stm32f1xx_hal.o
    0x08000a84   0x08000a84   0x00000024   Code   RO         1607    i.HAL_Init          stm32f1xx_hal.o
    0x08000aa8   0x08000aa8   0x00000098   Code   RO          459    i.HAL_InitTick      stm32f1xx_hal_timebase_tim.o
    0x08000b40   0x08000b40   0x00000048   Code   RO          435    i.HAL_MspInit       stm32f1xx_hal_msp.o
    0x08000b88   0x08000b88   0x0000001a   Code   RO         2066    i.HAL_NVIC_EnableIRQ  stm32f1xx_hal_cortex.o
    0x08000ba2   0x08000ba2   0x00000002   PAD
    0x08000ba4   0x08000ba4   0x00000040   Code   RO         2072    i.HAL_NVIC_SetPriority  stm32f1xx_hal_cortex.o
    0x08000be4   0x08000be4   0x00000024   Code   RO         2073    i.HAL_NVIC_SetPriorityGrouping  stm32f1xx_hal_cortex.o
    0x08000c08   0x08000c08   0x0000012c   Code   RO         1764    i.HAL_RCC_ClockConfig  stm32f1xx_hal_rcc.o
    0x08000d34   0x08000d34   0x00000040   Code   RO         1768    i.HAL_RCC_GetClockConfig  stm32f1xx_hal_rcc.o
    0x08000d74   0x08000d74   0x00000020   Code   RO         1771    i.HAL_RCC_GetPCLK1Freq  stm32f1xx_hal_rcc.o
    0x08000d94   0x08000d94   0x00000020   Code   RO         1772    i.HAL_RCC_GetPCLK2Freq  stm32f1xx_hal_rcc.o
    0x08000db4   0x08000db4   0x0000004c   Code   RO         1773    i.HAL_RCC_GetSysClockFreq  stm32f1xx_hal_rcc.o
    0x08000e00   0x08000e00   0x00000320   Code   RO         1776    i.HAL_RCC_OscConfig  stm32f1xx_hal_rcc.o
    0x08001120   0x08001120   0x00000002   Code   RO         1322    i.HAL_TIMEx_BreakCallback  stm32f1xx_hal_tim_ex.o
    0x08001122   0x08001122   0x00000002   Code   RO         1323    i.HAL_TIMEx_CommutCallback  stm32f1xx_hal_tim_ex.o
    0x08001124   0x08001124   0x0000005a   Code   RO          618    i.HAL_TIM_Base_Init  stm32f1xx_hal_tim.o
    0x0800117e   0x0800117e   0x00000002   Code   RO          620    i.HAL_TIM_Base_MspInit  stm32f1xx_hal_tim.o
    0x08001180   0x08001180   0x00000058   Code   RO          623    i.HAL_TIM_Base_Start_IT  stm32f1xx_hal_tim.o
    0x080011d8   0x080011d8   0x00000002   Code   RO          652    i.HAL_TIM_IC_CaptureCallback  stm32f1xx_hal_tim.o
    0x080011da   0x080011da   0x00000130   Code   RO          666    i.HAL_TIM_IRQHandler  stm32f1xx_hal_tim.o
    0x0800130a   0x0800130a   0x00000002   Code   RO          669    i.HAL_TIM_OC_DelayElapsedCallback  stm32f1xx_hal_tim.o
    0x0800130c   0x0800130c   0x00000002   Code   RO          696    i.HAL_TIM_PWM_PulseFinishedCallback  stm32f1xx_hal_tim.o
    0x0800130e   0x0800130e   0x00000002   PAD
    0x08001310   0x08001310   0x00000014   Code   RO           14    i.HAL_TIM_PeriodElapsedCallback  main.o
    0x08001324   0x08001324   0x00000002   Code   RO          709    i.HAL_TIM_TriggerCallback  stm32f1xx_hal_tim.o
    0x08001326   0x08001326   0x0000004a   Code   RO         2576    i.HAL_UARTEx_ReceiveToIdle_DMA  stm32f1xx_hal_uart.o
    0x08001370   0x08001370   0x00000088   Code   RO          213    i.HAL_UARTEx_RxEventCallback  freertos.o
    0x080013f8   0x080013f8   0x00000034   Code   RO          214    i.HAL_UART_ErrorCallback  freertos.o
    0x0800142c   0x0800142c   0x0000026c   Code   RO         2595    i.HAL_UART_IRQHandler  stm32f1xx_hal_uart.o
    0x08001698   0x08001698   0x00000064   Code   RO         2596    i.HAL_UART_Init     stm32f1xx_hal_uart.o
    0x080016fc   0x080016fc   0x000000b0   Code   RO          318    i.HAL_UART_MspInit  usart.o
    0x080017ac   0x080017ac   0x00000002   Code   RO         2602    i.HAL_UART_RxCpltCallback  stm32f1xx_hal_uart.o
    0x080017ae   0x080017ae   0x00000002   Code   RO         2603    i.HAL_UART_RxHalfCpltCallback  stm32f1xx_hal_uart.o
    0x080017b0   0x080017b0   0x000000a0   Code   RO         2604    i.HAL_UART_Transmit  stm32f1xx_hal_uart.o
    0x08001850   0x08001850   0x00000002   Code   RO         2607    i.HAL_UART_TxCpltCallback  stm32f1xx_hal_uart.o
    0x08001852   0x08001852   0x00000002   Code   RO          362    i.HardFault_Handler  stm32f1xx_it.o
    0x08001854   0x08001854   0x0000002c   Code   RO          293    i.MX_DMA_Init       dma.o
    0x08001880   0x08001880   0x00000070   Code   RO          215    i.MX_FREERTOS_Init  freertos.o
    0x080018f0   0x080018f0   0x0000003c   Code   RO          189    i.MX_GPIO_Init      gpio.o
    0x0800192c   0x0800192c   0x00000038   Code   RO          319    i.MX_USART3_UART_Init  usart.o
    0x08001964   0x08001964   0x00000002   Code   RO          363    i.MemManage_Handler  stm32f1xx_it.o
    0x08001966   0x08001966   0x00000002   Code   RO          364    i.NMI_Handler       stm32f1xx_it.o
    0x08001968   0x08001968   0x00000008   Code   RO          216    i.StartDefaultTask  freertos.o
    0x08001970   0x08001970   0x0000001a   Code   RO         4077    i.SysTick_Handler   cmsis_os2.o
    0x0800198a   0x0800198a   0x0000005e   Code   RO           15    i.SystemClock_Config  main.o
    0x080019e8   0x080019e8   0x00000002   Code   RO         2930    i.SystemInit        system_stm32f1xx.o
    0x080019ea   0x080019ea   0x00000002   PAD
    0x080019ec   0x080019ec   0x0000000c   Code   RO          365    i.TIM4_IRQHandler   stm32f1xx_it.o
    0x080019f8   0x080019f8   0x00000078   Code   RO          711    i.TIM_Base_SetConfig  stm32f1xx_hal_tim.o
    0x08001a70   0x08001a70   0x00000010   Code   RO         2609    i.UART_DMAAbortOnError  stm32f1xx_hal_uart.o
    0x08001a80   0x08001a80   0x0000004a   Code   RO         2610    i.UART_DMAError     stm32f1xx_hal_uart.o
    0x08001aca   0x08001aca   0x00000086   Code   RO         2611    i.UART_DMAReceiveCplt  stm32f1xx_hal_uart.o
    0x08001b50   0x08001b50   0x0000001e   Code   RO         2613    i.UART_DMARxHalfCplt  stm32f1xx_hal_uart.o
    0x08001b6e   0x08001b6e   0x0000004e   Code   RO         2619    i.UART_EndRxTransfer  stm32f1xx_hal_uart.o
    0x08001bbc   0x08001bbc   0x0000001c   Code   RO         2620    i.UART_EndTxTransfer  stm32f1xx_hal_uart.o
    0x08001bd8   0x08001bd8   0x000000c2   Code   RO         2621    i.UART_Receive_IT   stm32f1xx_hal_uart.o
    0x08001c9a   0x08001c9a   0x00000002   PAD
    0x08001c9c   0x08001c9c   0x000000b8   Code   RO         2622    i.UART_SetConfig    stm32f1xx_hal_uart.o
    0x08001d54   0x08001d54   0x00000090   Code   RO         2623    i.UART_Start_Receive_DMA  stm32f1xx_hal_uart.o
    0x08001de4   0x08001de4   0x00000072   Code   RO         2625    i.UART_WaitOnFlagUntilTimeout  stm32f1xx_hal_uart.o
    0x08001e56   0x08001e56   0x00000002   PAD
    0x08001e58   0x08001e58   0x0000000c   Code   RO          366    i.USART3_IRQHandler  stm32f1xx_it.o
    0x08001e64   0x08001e64   0x00000002   Code   RO          367    i.UsageFault_Handler  stm32f1xx_it.o
    0x08001e66   0x08001e66   0x00000020   Code   RO         2079    i.__NVIC_SetPriority  stm32f1xx_hal_cortex.o
    0x08001e86   0x08001e86   0x00000022   Code   RO           16    i.main              main.o
    0x08001ea8   0x08001ea8   0x0000001a   Code   RO         4079    i.osDelay           cmsis_os2.o
    0x08001ec2   0x08001ec2   0x00000002   PAD
    0x08001ec4   0x08001ec4   0x00000024   Code   RO         4093    i.osKernelInitialize  cmsis_os2.o
    0x08001ee8   0x08001ee8   0x00000038   Code   RO         4096    i.osKernelStart     cmsis_os2.o
    0x08001f20   0x08001f20   0x00000058   Code   RO         4113    i.osMessageQueueNew  cmsis_os2.o
    0x08001f78   0x08001f78   0x0000008a   Code   RO         4138    i.osThreadNew       cmsis_os2.o
    0x08002002   0x08002002   0x00000002   PAD
    0x08002004   0x08002004   0x00000040   Code   RO          217    i.process_uart_data  freertos.o
    0x08002044   0x08002044   0x0000005c   Code   RO         3538    i.prvAddCurrentTaskToDelayedList  tasks.o
    0x080020a0   0x080020a0   0x000000d0   Code   RO         3539    i.prvAddNewTaskToReadyList  tasks.o
    0x08002170   0x08002170   0x00000058   Code   RO         3903    i.prvCheckForValidListAndQueue  timers.o
    0x080021c8   0x080021c8   0x00000026   Code   RO         3135    i.prvCopyDataFromQueue  queue.o
    0x080021ee   0x080021ee   0x0000006c   Code   RO         3136    i.prvCopyDataToQueue  queue.o
    0x0800225a   0x0800225a   0x00000034   Code   RO         3540    i.prvDeleteTCB      tasks.o
    0x0800228e   0x0800228e   0x00000002   PAD
    0x08002290   0x08002290   0x0000004c   Code   RO         4590    i.prvHeapInit       heap_4.o
    0x080022dc   0x080022dc   0x00000060   Code   RO         3541    i.prvIdleTask       tasks.o
    0x0800233c   0x0800233c   0x00000022   Code   RO         3138    i.prvInitialiseNewQueue  queue.o
    0x0800235e   0x0800235e   0x00000002   PAD
    0x08002360   0x08002360   0x000000b0   Code   RO         3542    i.prvInitialiseNewTask  tasks.o
    0x08002410   0x08002410   0x0000004c   Code   RO         4591    i.prvInsertBlockIntoFreeList  heap_4.o
    0x0800245c   0x0800245c   0x00000038   Code   RO         3905    i.prvInsertTimerInActiveList  timers.o
    0x08002494   0x08002494   0x0000001c   Code   RO         3139    i.prvIsQueueEmpty   queue.o
    0x080024b0   0x080024b0   0x000000fc   Code   RO         3906    i.prvProcessReceivedCommands  timers.o
    0x080025ac   0x080025ac   0x000000c0   Code   RO         3907    i.prvProcessTimerOrBlockTask  timers.o
    0x0800266c   0x0800266c   0x00000020   Code   RO         3544    i.prvResetNextTaskUnblockTime  tasks.o
    0x0800268c   0x0800268c   0x00000028   Code   RO         3908    i.prvSampleTimeNow  timers.o
    0x080026b4   0x080026b4   0x0000006c   Code   RO         3909    i.prvSwitchTimerLists  timers.o
    0x08002720   0x08002720   0x00000028   Code   RO         4646    i.prvTaskExitError  port.o
    0x08002748   0x08002748   0x00000024   Code   RO         3910    i.prvTimerTask      timers.o
    0x0800276c   0x0800276c   0x0000006a   Code   RO         3140    i.prvUnlockQueue    queue.o
    0x080027d6   0x080027d6   0x00000002   PAD
    0x080027d8   0x080027d8   0x000000dc   Code   RO         4592    i.pvPortMalloc      heap_4.o
    0x080028b4   0x080028b4   0x00000024   Code   RO         4647    i.pxPortInitialiseStack  port.o
    0x080028d8   0x080028d8   0x00000030   Code   RO          495    i.rt_ringbuffer_data_len  ringbuffer.o
    0x08002908   0x08002908   0x00000074   Code   RO          496    i.rt_ringbuffer_get  ringbuffer.o
    0x0800297c   0x0800297c   0x00000030   Code   RO          498    i.rt_ringbuffer_init  ringbuffer.o
    0x080029ac   0x080029ac   0x00000078   Code   RO          500    i.rt_ringbuffer_put  ringbuffer.o
    0x08002a24   0x08002a24   0x00000020   Code   RO          505    i.rt_ringbuffer_status  ringbuffer.o
    0x08002a44   0x08002a44   0x00000080   Code   RO          218    i.startUART_task    freertos.o
    0x08002ac4   0x08002ac4   0x00000026   Code   RO         3095    i.uxListRemove      list.o
    0x08002aea   0x08002aea   0x00000002   PAD
    0x08002aec   0x08002aec   0x00000014   Code   RO         4150    i.vApplicationGetIdleTaskMemory  cmsis_os2.o
    0x08002b00   0x08002b00   0x00000018   Code   RO         4151    i.vApplicationGetTimerTaskMemory  cmsis_os2.o
    0x08002b18   0x08002b18   0x00000016   Code   RO         3096    i.vListInitialise   list.o
    0x08002b2e   0x08002b2e   0x00000006   Code   RO         3097    i.vListInitialiseItem  list.o
    0x08002b34   0x08002b34   0x00000030   Code   RO         3098    i.vListInsert       list.o
    0x08002b64   0x08002b64   0x00000018   Code   RO         3099    i.vListInsertEnd    list.o
    0x08002b7c   0x08002b7c   0x00000040   Code   RO         4649    i.vPortEnterCritical  port.o
    0x08002bbc   0x08002bbc   0x00000028   Code   RO         4650    i.vPortExitCritical  port.o
    0x08002be4   0x08002be4   0x00000064   Code   RO         4593    i.vPortFree         heap_4.o
    0x08002c48   0x08002c48   0x00000024   Code   RO         4651    i.vPortSetupTimerInterrupt  port.o
    0x08002c6c   0x08002c6c   0x00000054   Code   RO         4652    i.vPortValidateInterruptPriority  port.o
    0x08002cc0   0x08002cc0   0x00000028   Code   RO         3146    i.vQueueAddToRegistry  queue.o
    0x08002ce8   0x08002ce8   0x00000044   Code   RO         3150    i.vQueueWaitForMessageRestricted  queue.o
    0x08002d2c   0x08002d2c   0x0000004c   Code   RO         3557    i.vTaskDelay        tasks.o
    0x08002d78   0x08002d78   0x00000010   Code   RO         3562    i.vTaskInternalSetTimeOutState  tasks.o
    0x08002d88   0x08002d88   0x0000000c   Code   RO         3563    i.vTaskMissedYield  tasks.o
    0x08002d94   0x08002d94   0x00000030   Code   RO         3565    i.vTaskPlaceOnEventList  tasks.o
    0x08002dc4   0x08002dc4   0x00000038   Code   RO         3566    i.vTaskPlaceOnEventListRestricted  tasks.o
    0x08002dfc   0x08002dfc   0x00000088   Code   RO         3574    i.vTaskStartScheduler  tasks.o
    0x08002e84   0x08002e84   0x00000010   Code   RO         3576    i.vTaskSuspendAll   tasks.o
    0x08002e94   0x08002e94   0x00000064   Code   RO         3577    i.vTaskSwitchContext  tasks.o
    0x08002ef8   0x08002ef8   0x000000a8   Code   RO         4653    i.xPortStartScheduler  port.o
    0x08002fa0   0x08002fa0   0x0000002c   Code   RO         4654    i.xPortSysTickHandler  port.o
    0x08002fcc   0x08002fcc   0x00000042   Code   RO         3155    i.xQueueGenericCreate  queue.o
    0x0800300e   0x0800300e   0x00000066   Code   RO         3156    i.xQueueGenericCreateStatic  queue.o
    0x08003074   0x08003074   0x00000088   Code   RO         3157    i.xQueueGenericReset  queue.o
    0x080030fc   0x080030fc   0x00000160   Code   RO         3158    i.xQueueGenericSend  queue.o
    0x0800325c   0x0800325c   0x000000be   Code   RO         3159    i.xQueueGenericSendFromISR  queue.o
    0x0800331a   0x0800331a   0x00000002   PAD
    0x0800331c   0x0800331c   0x00000138   Code   RO         3168    i.xQueueReceive     queue.o
    0x08003454   0x08003454   0x00000074   Code   RO         3579    i.xTaskCheckForTimeOut  tasks.o
    0x080034c8   0x080034c8   0x0000005a   Code   RO         3580    i.xTaskCreate       tasks.o
    0x08003522   0x08003522   0x00000056   Code   RO         3581    i.xTaskCreateStatic  tasks.o
    0x08003578   0x08003578   0x0000001c   Code   RO         3585    i.xTaskGetSchedulerState  tasks.o
    0x08003594   0x08003594   0x0000000c   Code   RO         3586    i.xTaskGetTickCount  tasks.o
    0x080035a0   0x080035a0   0x000000c8   Code   RO         3588    i.xTaskIncrementTick  tasks.o
    0x08003668   0x08003668   0x00000080   Code   RO         3591    i.xTaskPriorityDisinherit  tasks.o
    0x080036e8   0x080036e8   0x00000070   Code   RO         3593    i.xTaskRemoveFromEventList  tasks.o
    0x08003758   0x08003758   0x000000c4   Code   RO         3594    i.xTaskResumeAll    tasks.o
    0x0800381c   0x0800381c   0x00000060   Code   RO         3919    i.xTimerCreateTimerTask  timers.o
    0x0800387c   0x0800387c   0x00000068   Code   RO         3920    i.xTimerGenericCommand  timers.o
    0x080038e4   0x080038e4   0x00000060   Data   RO          220    .constdata          freertos.o
    0x08003944   0x08003944   0x00000012   Data   RO         1777    .constdata          stm32f1xx_hal_rcc.o
    0x08003956   0x08003956   0x00000010   Data   RO         2931    .constdata          system_stm32f1xx.o
    0x08003966   0x08003966   0x00000008   Data   RO         2932    .constdata          system_stm32f1xx.o
    0x0800396e   0x0800396e   0x00000002   PAD
    0x08003970   0x08003970   0x00000022   Data   RO          221    .conststring        freertos.o
    0x08003992   0x08003992   0x00000002   PAD
    0x08003994   0x08003994   0x00000020   Data   RO         4905    Region$$Table       anon$$obj.o


    Execution Region RW_IRAM1 (Exec base: 0x20000000, Load base: 0x080039b4, Size: 0x00002330, Max: 0x00005000, ABSOLUTE)

    Exec Addr    Load Addr    Size         Type   Attr      Idx    E Section Name        Object

    0x20000000   0x080039b4   0x0000000c   Data   RW          222    .data               freertos.o
    0x2000000c   0x080039c0   0x0000000c   Data   RW         1614    .data               stm32f1xx_hal.o
    0x20000018   0x080039cc   0x00000004   Data   RW         2933    .data               system_stm32f1xx.o
    0x2000001c   0x080039d0   0x0000003c   Data   RW         3597    .data               tasks.o
    0x20000058   0x08003a0c   0x00000014   Data   RW         3928    .data               timers.o
    0x2000006c   0x08003a20   0x00000004   Data   RW         4153    .data               cmsis_os2.o
    0x20000070   0x08003a24   0x00000020   Data   RW         4599    .data               heap_4.o
    0x20000090   0x08003a44   0x0000000c   Data   RW         4655    .data               port.o
    0x2000009c        -       0x0000028c   Zero   RW          219    .bss                freertos.o
    0x20000328        -       0x0000008c   Zero   RW          320    .bss                usart.o
    0x200003b4        -       0x00000048   Zero   RW          462    .bss                stm32f1xx_hal_timebase_tim.o
    0x200003fc        -       0x00000040   Zero   RW         3172    .bss                queue.o
    0x2000043c        -       0x000004c4   Zero   RW         3596    .bss                tasks.o
    0x20000900        -       0x00000118   Zero   RW         3927    .bss                timers.o
    0x20000a18        -       0x000006b8   Zero   RW         4152    .bss                cmsis_os2.o
    0x200010d0        -       0x00000c00   Zero   RW         4598    .bss                heap_4.o
    0x20001cd0        -       0x00000060   Zero   RW         4794    .bss                c_w.l(libspace.o)
    0x20001d30        -       0x00000200   Zero   RW            2    HEAP                startup_stm32f103xb.o
    0x20001f30        -       0x00000400   Zero   RW            1    STACK               startup_stm32f103xb.o


==============================================================================

Image component sizes


      Code (inc. data)   RO Data    RW Data    ZI Data      Debug   Object Name

       414         22          0          4       1720      59147   cmsis_os2.o
        44          4          0          0          0        698   dma.o
         0          0          0          0          0      19476   event_groups.o
       500        170        130         12        652       5474   freertos.o
        60          6          0          0          0        759   gpio.o
       472         24          0         32       3072       4587   heap_4.o
       138          0          0          0          0       3222   list.o
       152          6          0          0          0     438856   main.o
       662         70          0         12          0      10381   port.o
      1580         20          0          0         64      17582   queue.o
       364          0          0          0          0       5671   ringbuffer.o
        64         26        236          0       1536        780   startup_stm32f103xb.o
        64         14          0         12          0       4462   stm32f1xx_hal.o
       158         14          0          0          0      28042   stm32f1xx_hal_cortex.o
       808         36          0          0          0       4782   stm32f1xx_hal_dma.o
       480         34          0          0          0       2204   stm32f1xx_hal_gpio.o
        72         10          0          0          0        810   stm32f1xx_hal_msp.o
      1304         94         18          0          0       5541   stm32f1xx_hal_rcc.o
       612         24          0          0          0       6884   stm32f1xx_hal_tim.o
         4          0          0          0          0       1497   stm32f1xx_hal_tim_ex.o
       152         20          0          0         72       1391   stm32f1xx_hal_timebase_tim.o
      1956         24          0          0          0      13200   stm32f1xx_hal_uart.o
        48         18          0          0          0       3642   stm32f1xx_it.o
         0          0          0          0          0        392   stream_buffer.o
         2          0         24          4          0       1031   system_stm32f1xx.o
      2084        168          0         60       1220      25428   tasks.o
       972         80          0         20        280      31547   timers.o
       232         30          0          0        140       1669   usart.o

    ----------------------------------------------------------------------
     13428        914        444        156       8756     699155   Object Totals
         0          0         32          0          0          0   (incl. Generated)
        30          0          4          0          0          0   (incl. Padding)

    ----------------------------------------------------------------------

      Code (inc. data)   RO Data    RW Data    ZI Data      Debug   Library Member Name

         8          0          0          0          0         68   __main.o
         0          0          0          0          0          0   __rtentry.o
        12          0          0          0          0          0   __rtentry2.o
         6          0          0          0          0          0   __rtentry4.o
        52          8          0          0          0          0   __scatter.o
        26          0          0          0          0          0   __scatter_copy.o
        28          0          0          0          0          0   __scatter_zi.o
        22          0          0          0          0         80   abort.o
        16          0          0          0          0         68   aeabi_memset.o
        48         34          0          0          0         76   defsig_abrt_inner.o
        14          0          0          0          0         80   defsig_abrt_outer.o
        10          0          0          0          0         68   defsig_exit.o
        50          0          0          0          0         88   defsig_general.o
        18          0          0          0          0         80   exit.o
         6          0          0          0          0        152   heapauxi.o
         0          0          0          0          0          0   indicate_semi.o
         2          0          0          0          0          0   libinit.o
         2          0          0          0          0          0   libinit2.o
         2          0          0          0          0          0   libshutdown.o
         2          0          0          0          0          0   libshutdown2.o
         8          4          0          0         96         68   libspace.o
        68          0          0          0          0         68   rt_memclr.o
        78          0          0          0          0         80   rt_memclr_w.o
       138          0          0          0          0         68   rt_memcpy_v6.o
       100          0          0          0          0         80   rt_memcpy_w.o
         2          0          0          0          0          0   rtexit.o
        10          0          0          0          0          0   rtexit2.o
        62          0          0          0          0         76   strlen.o
        12          4          0          0          0         68   sys_exit.o
        74          0          0          0          0         80   sys_stackheap_outer.o
        14          0          0          0          0         76   sys_wrch.o
         2          0          0          0          0         68   use_no_semi.o

    ----------------------------------------------------------------------
       900         50          0          0         96       1492   Library Totals
         8          0          0          0          0          0   (incl. Padding)

    ----------------------------------------------------------------------

      Code (inc. data)   RO Data    RW Data    ZI Data      Debug   Library Name

       892         50          0          0         96       1492   c_w.l

    ----------------------------------------------------------------------
       900         50          0          0         96       1492   Library Totals

    ----------------------------------------------------------------------

==============================================================================


      Code (inc. data)   RO Data    RW Data    ZI Data      Debug   

     14328        964        444        156       8852     692375   Grand Totals
     14328        964        444        156       8852     692375   ELF Image Totals
     14328        964        444        156          0          0   ROM Totals

==============================================================================

    Total RO  Size (Code + RO Data)                14772 (  14.43kB)
    Total RW  Size (RW Data + ZI Data)              9008 (   8.80kB)
    Total ROM Size (Code + RO Data + RW Data)      14928 (  14.58kB)

==============================================================================

